Archive member included to satisfy reference by file (symbol)

/opt/st/stm32cubeclt_1.18.0/GNU-tools-for-STM32/bin/../lib/gcc/arm-none-eabi/13.3.1/../../../../arm-none-eabi/lib/thumb/v7e-m+fp/hard/libc_nano.a(libc_a-exit.o)
                              /opt/st/stm32cubeclt_1.18.0/GNU-tools-for-STM32/bin/../lib/gcc/arm-none-eabi/13.3.1/../../../../arm-none-eabi/lib/thumb/v7e-m+fp/hard/crt0.o (exit)
/opt/st/stm32cubeclt_1.18.0/GNU-tools-for-STM32/bin/../lib/gcc/arm-none-eabi/13.3.1/../../../../arm-none-eabi/lib/thumb/v7e-m+fp/hard/libc_nano.a(libc_a-findfp.o)
                              /opt/st/stm32cubeclt_1.18.0/GNU-tools-for-STM32/bin/../lib/gcc/arm-none-eabi/13.3.1/../../../../arm-none-eabi/lib/thumb/v7e-m+fp/hard/libc_nano.a(libc_a-exit.o) (__stdio_exit_handler)
/opt/st/stm32cubeclt_1.18.0/GNU-tools-for-STM32/bin/../lib/gcc/arm-none-eabi/13.3.1/../../../../arm-none-eabi/lib/thumb/v7e-m+fp/hard/libc_nano.a(libc_a-fwalk.o)
                              /opt/st/stm32cubeclt_1.18.0/GNU-tools-for-STM32/bin/../lib/gcc/arm-none-eabi/13.3.1/../../../../arm-none-eabi/lib/thumb/v7e-m+fp/hard/libc_nano.a(libc_a-findfp.o) (_fwalk_sglue)
/opt/st/stm32cubeclt_1.18.0/GNU-tools-for-STM32/bin/../lib/gcc/arm-none-eabi/13.3.1/../../../../arm-none-eabi/lib/thumb/v7e-m+fp/hard/libc_nano.a(libc_a-snprintf.o)
                              CMakeFiles/rogilinkflex2_f446re.dir/Lib/rogilinkflex2/Src/rogilinkflex2.cpp.obj (snprintf)
/opt/st/stm32cubeclt_1.18.0/GNU-tools-for-STM32/bin/../lib/gcc/arm-none-eabi/13.3.1/../../../../arm-none-eabi/lib/thumb/v7e-m+fp/hard/libc_nano.a(libc_a-stdio.o)
                              /opt/st/stm32cubeclt_1.18.0/GNU-tools-for-STM32/bin/../lib/gcc/arm-none-eabi/13.3.1/../../../../arm-none-eabi/lib/thumb/v7e-m+fp/hard/libc_nano.a(libc_a-findfp.o) (__sread)
/opt/st/stm32cubeclt_1.18.0/GNU-tools-for-STM32/bin/../lib/gcc/arm-none-eabi/13.3.1/../../../../arm-none-eabi/lib/thumb/v7e-m+fp/hard/libc_nano.a(libc_a-memset.o)
                              /opt/st/stm32cubeclt_1.18.0/GNU-tools-for-STM32/bin/../lib/gcc/arm-none-eabi/13.3.1/../../../../arm-none-eabi/lib/thumb/v7e-m+fp/hard/crt0.o (memset)
/opt/st/stm32cubeclt_1.18.0/GNU-tools-for-STM32/bin/../lib/gcc/arm-none-eabi/13.3.1/../../../../arm-none-eabi/lib/thumb/v7e-m+fp/hard/libc_nano.a(libc_a-strncpy.o)
                              CMakeFiles/rogilinkflex2_f446re.dir/Lib/rogilinkflex2/Src/rogilinkflex2.cpp.obj (strncpy)
/opt/st/stm32cubeclt_1.18.0/GNU-tools-for-STM32/bin/../lib/gcc/arm-none-eabi/13.3.1/../../../../arm-none-eabi/lib/thumb/v7e-m+fp/hard/libc_nano.a(libc_a-closer.o)
                              /opt/st/stm32cubeclt_1.18.0/GNU-tools-for-STM32/bin/../lib/gcc/arm-none-eabi/13.3.1/../../../../arm-none-eabi/lib/thumb/v7e-m+fp/hard/libc_nano.a(libc_a-stdio.o) (_close_r)
/opt/st/stm32cubeclt_1.18.0/GNU-tools-for-STM32/bin/../lib/gcc/arm-none-eabi/13.3.1/../../../../arm-none-eabi/lib/thumb/v7e-m+fp/hard/libc_nano.a(libc_a-reent.o)
                              /opt/st/stm32cubeclt_1.18.0/GNU-tools-for-STM32/bin/../lib/gcc/arm-none-eabi/13.3.1/../../../../arm-none-eabi/lib/thumb/v7e-m+fp/hard/libc_nano.a(libc_a-closer.o) (errno)
/opt/st/stm32cubeclt_1.18.0/GNU-tools-for-STM32/bin/../lib/gcc/arm-none-eabi/13.3.1/../../../../arm-none-eabi/lib/thumb/v7e-m+fp/hard/libc_nano.a(libc_a-impure.o)
                              /opt/st/stm32cubeclt_1.18.0/GNU-tools-for-STM32/bin/../lib/gcc/arm-none-eabi/13.3.1/../../../../arm-none-eabi/lib/thumb/v7e-m+fp/hard/libc_nano.a(libc_a-snprintf.o) (_impure_ptr)
/opt/st/stm32cubeclt_1.18.0/GNU-tools-for-STM32/bin/../lib/gcc/arm-none-eabi/13.3.1/../../../../arm-none-eabi/lib/thumb/v7e-m+fp/hard/libc_nano.a(libc_a-lseekr.o)
                              /opt/st/stm32cubeclt_1.18.0/GNU-tools-for-STM32/bin/../lib/gcc/arm-none-eabi/13.3.1/../../../../arm-none-eabi/lib/thumb/v7e-m+fp/hard/libc_nano.a(libc_a-stdio.o) (_lseek_r)
/opt/st/stm32cubeclt_1.18.0/GNU-tools-for-STM32/bin/../lib/gcc/arm-none-eabi/13.3.1/../../../../arm-none-eabi/lib/thumb/v7e-m+fp/hard/libc_nano.a(libc_a-readr.o)
                              /opt/st/stm32cubeclt_1.18.0/GNU-tools-for-STM32/bin/../lib/gcc/arm-none-eabi/13.3.1/../../../../arm-none-eabi/lib/thumb/v7e-m+fp/hard/libc_nano.a(libc_a-stdio.o) (_read_r)
/opt/st/stm32cubeclt_1.18.0/GNU-tools-for-STM32/bin/../lib/gcc/arm-none-eabi/13.3.1/../../../../arm-none-eabi/lib/thumb/v7e-m+fp/hard/libc_nano.a(libc_a-writer.o)
                              /opt/st/stm32cubeclt_1.18.0/GNU-tools-for-STM32/bin/../lib/gcc/arm-none-eabi/13.3.1/../../../../arm-none-eabi/lib/thumb/v7e-m+fp/hard/libc_nano.a(libc_a-stdio.o) (_write_r)
/opt/st/stm32cubeclt_1.18.0/GNU-tools-for-STM32/bin/../lib/gcc/arm-none-eabi/13.3.1/../../../../arm-none-eabi/lib/thumb/v7e-m+fp/hard/libc_nano.a(libc_a-errno.o)
                              CMakeFiles/rogilinkflex2_f446re.dir/Core/Src/sysmem.c.obj (__errno)
[...]
Memory Configuration

Name             Origin             Length             Attributes
RAM              0x20000000         0x00020000         xrw
FLASH            0x08000000         0x00080000         xr
*default*        0x00000000         0xffffffff

Linker script and memory map

LOAD /opt/st/stm32cubeclt_1.18.0/GNU-tools-for-STM32/bin/../lib/gcc/arm-none-eabi/13.3.1/thumb/v7e-m+fp/hard/crti.o
LOAD /opt/st/stm32cubeclt_1.18.0/GNU-tools-for-STM32/bin/../lib/gcc/arm-none-eabi/13.3.1/thumb/v7e-m+fp/hard/crtbegin.o
LOAD /opt/st/stm32cubeclt_1.18.0/GNU-tools-for-STM32/bin/../lib/gcc/arm-none-eabi/13.3.1/../../../../arm-none-eabi/lib/thumb/v7e-m+fp/hard/crt0.o
START GROUP
END GROUP
START GROUP
LOAD /opt/st/stm32cubeclt_1.18.0/GNU-tools-for-STM32/bin/../lib/gcc/arm-none-eabi/13.3.1/../../../../arm-none-eabi/lib/thumb/v7e-m+fp/hard/libstdc++_nano.a
LOAD /opt/st/stm32cubeclt_1.18.0/GNU-tools-for-STM32/bin/../lib/gcc/arm-none-eabi/13.3.1/../../../../arm-none-eabi/lib/thumb/v7e-m+fp/hard/libsupc++_nano.a
END GROUP
LOAD cmake/stm32cubemx/CMakeFiles/STM32_Drivers.dir/__/__/Core/Src/system_stm32f4xx.c.obj
LOAD cmake/stm32cubemx/CMakeFiles/STM32_Drivers.dir/__/__/Drivers/STM32F4xx_HAL_Driver/Src/stm32f4xx_hal_tim.c.obj
LOAD cmake/stm32cubemx/CMakeFiles/STM32_Drivers.dir/__/__/Drivers/STM32F4xx_HAL_Driver/Src/stm32f4xx_hal_tim_ex.c.obj
LOAD cmake/stm32cubemx/CMakeFiles/STM32_Drivers.dir/__/__/Drivers/STM32F4xx_HAL_Driver/Src/stm32f4xx_hal_uart.c.obj
LOAD cmake/stm32cubemx/CMakeFiles/STM32_Drivers.dir/__/__/Drivers/STM32F4xx_HAL_Driver/Src/stm32f4xx_hal_rcc.c.obj
LOAD cmake/stm32cubemx/CMakeFiles/STM32_Drivers.dir/__/__/Drivers/STM32F4xx_HAL_Driver/Src/stm32f4xx_hal_rcc_ex.c.obj
LOAD cmake/stm32cubemx/CMakeFiles/STM32_Drivers.dir/__/__/Drivers/STM32F4xx_HAL_Driver/Src/stm32f4xx_hal_flash.c.obj
LOAD cmake/stm32cubemx/CMakeFiles/STM32_Drivers.dir/__/__/Drivers/STM32F4xx_HAL_Driver/Src/stm32f4xx_hal_flash_ex.c.obj
LOAD cmake/stm32cubemx/CMakeFiles/STM32_Drivers.dir/__/__/Drivers/STM32F4xx_HAL_Driver/Src/stm32f4xx_hal_flash_ramfunc.c.obj
LOAD cmake/stm32cubemx/CMakeFiles/STM32_Drivers.dir/__/__/Drivers/STM32F4xx_HAL_Driver/Src/stm32f4xx_hal_gpio.c.obj
LOAD cmake/stm32cubemx/CMakeFiles/STM32_Drivers.dir/__/__/Drivers/STM32F4xx_HAL_Driver/Src/stm32f4xx_hal_dma_ex.c.obj
LOAD cmake/stm32cubemx/CMakeFiles/STM32_Drivers.dir/__/__/Drivers/STM32F4xx_HAL_Driver/Src/stm32f4xx_hal_dma.c.obj
LOAD cmake/stm32cubemx/CMakeFiles/STM32_Drivers.dir/__/__/Drivers/STM32F4xx_HAL_Driver/Src/stm32f4xx_hal_pwr.c.obj
LOAD cmake/stm32cubemx/CMakeFiles/STM32_Drivers.dir/__/__/Drivers/STM32F4xx_HAL_Driver/Src/stm32f4xx_hal_pwr_ex.c.obj
LOAD cmake/stm32cubemx/CMakeFiles/STM32_Drivers.dir/__/__/Drivers/STM32F4xx_HAL_Driver/Src/stm32f4xx_hal_cortex.c.obj
LOAD cmake/stm32cubemx/CMakeFiles/STM32_Drivers.dir/__/__/Drivers/STM32F4xx_HAL_Driver/Src/stm32f4xx_hal.c.obj
LOAD cmake/stm32cubemx/CMakeFiles/STM32_Drivers.dir/__/__/Drivers/STM32F4xx_HAL_Driver/Src/stm32f4xx_hal_exti.c.obj
LOAD CMakeFiles/rogilinkflex2_f446re.dir/Core/Src/main.c.obj
LOAD CMakeFiles/rogilinkflex2_f446re.dir/Core/Src/stm32f4xx_it.c.obj
LOAD CMakeFiles/rogilinkflex2_f446re.dir/Core/Src/stm32f4xx_hal_msp.c.obj
LOAD CMakeFiles/rogilinkflex2_f446re.dir/Core/Src/sysmem.c.obj
LOAD CMakeFiles/rogilinkflex2_f446re.dir/Core/Src/syscalls.c.obj
LOAD CMakeFiles/rogilinkflex2_f446re.dir/startup_stm32f446xx.s.obj
LOAD CMakeFiles/rogilinkflex2_f446re.dir/Src/main.cpp.obj
LOAD CMakeFiles/rogilinkflex2_f446re.dir/Lib/rogilinkflex2/Src/rogilinkflex2.cpp.obj
LOAD /opt/st/stm32cubeclt_1.18.0/GNU-tools-for-STM32/bin/../lib/gcc/arm-none-eabi/13.3.1/../../../../arm-none-eabi/lib/thumb/v7e-m+fp/hard/libstdc++_nano.a
LOAD /opt/st/stm32cubeclt_1.18.0/GNU-tools-for-STM32/bin/../lib/gcc/arm-none-eabi/13.3.1/../../../../arm-none-eabi/lib/thumb/v7e-m+fp/hard/libm.a
LOAD /opt/st/stm32cubeclt_1.18.0/GNU-tools-for-STM32/bin/../lib/gcc/arm-none-eabi/13.3.1/../../../../arm-none-eabi/lib/thumb/v7e-m+fp/hard/libc_nano.a
START GROUP
LOAD /opt/st/stm32cubeclt_1.18.0/GNU-tools-for-STM32/bin/../lib/gcc/arm-none-eabi/13.3.1/thumb/v7e-m+fp/hard/libgcc.a
LOAD /opt/st/stm32cubeclt_1.18.0/GNU-tools-for-STM32/bin/../lib/gcc/arm-none-eabi/13.3.1/../../../../arm-none-eabi/lib/thumb/v7e-m+fp/hard/libg_nano.a
LOAD /opt/st/stm32cubeclt_1.18.0/GNU-tools-for-STM32/bin/../lib/gcc/arm-none-eabi/13.3.1/../../../../arm-none-eabi/lib/thumb/v7e-m+fp/hard/libc_nano.a
END GROUP
START GROUP
LOAD /opt/st/stm32cubeclt_1.18.0/GNU-tools-for-STM32/bin/../lib/gcc/arm-none-eabi/13.3.1/thumb/v7e-m+fp/hard/libgcc.a
LOAD /opt/st/stm32cubeclt_1.18.0/GNU-tools-for-STM32/bin/../lib/gcc/arm-none-eabi/13.3.1/../../../../arm-none-eabi/lib/thumb/v7e-m+fp/hard/libc_nano.a
END GROUP
LOAD /opt/st/stm32cubeclt_1.18.0/GNU-tools-for-STM32/bin/../lib/gcc/arm-none-eabi/13.3.1/thumb/v7e-m+fp/hard/crtend.o
LOAD /opt/st/stm32cubeclt_1.18.0/GNU-tools-for-STM32/bin/../lib/gcc/arm-none-eabi/13.3.1/thumb/v7e-m+fp/hard/crtn.o
                0x20020000                        _estack = (ORIGIN (RAM) + LENGTH (RAM))
                0x00000200                        _Min_Heap_Size = 0x200
                0x00000400                        _Min_Stack_Size = 0x400

.isr_vector     0x08000000      0x1c4
                0x08000000                        . = ALIGN (0x4)
 *(.isr_vector)
 .isr_vector    0x08000000      0x1c4 CMakeFiles/rogilinkflex2_f446re.dir/startup_stm32f446xx.s.obj
                0x08000000                g_pfnVectors
                0x080001c4                        . = ALIGN (0x4)

.text           0x080001d0     0x52d0
                0x080001d0                        . = ALIGN (0x4)
 *(.text)
 .text          0x080001d0       0x40 /opt/st/stm32cubeclt_1.18.0/GNU-tools-for-STM32/bin/../lib/gcc/arm-none-eabi/13.3.1/thumb/v7e-m+fp/hard/crtbegin.o
 .text          0x08000210       0x14 /opt/st/stm32cubeclt_1.18.0/GNU-tools-for-STM32/bin/../lib/gcc/arm-none-eabi/13.3.1/../../../../arm-none-eabi/lib/thumb/v7e-m+fp/hard/libc_nano.a(libc_a-strcmp.o)
                0x08000210                strcmp
 .text          0x08000224       0x10 /opt/st/stm32cubeclt_1.18.0/GNU-tools-for-STM32/bin/../lib/gcc/arm-none-eabi/13.3.1/../../../../arm-none-eabi/lib/thumb/v7e-m+fp/hard/libc_nano.a(libc_a-strlen.o)
                0x08000224                strlen
 *fill*         0x08000234        0xc 
 .text          0x08000240       0xa0 /opt/st/stm32cubeclt_1.18.0/GNU-tools-for-STM32/bin/../lib/gcc/arm-none-eabi/13.3.1/../../../../arm-none-eabi/lib/thumb/v7e-m+fp/hard/libc_nano.a(libc_a-memchr.o)
                0x08000240                memchr
 .text          0x080002e0      0x378 /opt/st/stm32cubeclt_1.18.0/GNU-tools-for-STM32/bin/../lib/gcc/arm-none-eabi/13.3.1/thumb/v7e-m+fp/hard/libgcc.a(_arm_addsubdf3.o)
                0x080002e0                __aeabi_drsub
                0x080002e8                __aeabi_dsub
                0x080002e8                __subdf3
                0x080002ec                __adddf3
                0x080002ec                __aeabi_dadd
                0x08000564                __aeabi_ui2d
                0x08000564                __floatunsidf
                0x08000584                __floatsidf
                0x08000584                __aeabi_i2d
                0x080005a8                __extendsfdf2
                0x080005a8                __aeabi_f2d
                0x080005ec                __aeabi_ul2d
                0x080005ec                __floatundidf
                0x080005fc                __floatdidf
                0x080005fc                __aeabi_l2d
 .text          0x08000658       0x30 /opt/st/stm32cubeclt_1.18.0/GNU-tools-for-STM32/bin/../lib/gcc/arm-none-eabi/13.3.1/thumb/v7e-m+fp/hard/libgcc.a(_aeabi_uldivmod.o)
                0x08000658                __aeabi_uldivmod
 .text          0x08000688      0x2f8 /opt/st/stm32cubeclt_1.18.0/GNU-tools-for-STM32/bin/../lib/gcc/arm-none-eabi/13.3.1/thumb/v7e-m+fp/hard/libgcc.a(_udivmoddi4.o)
                0x08000688                __udivmoddi4
 .text          0x08000980        0x4 /opt/st/stm32cubeclt_1.18.0/GNU-tools-for-STM32/bin/../lib/gcc/arm-none-eabi/13.3.1/thumb/v7e-m+fp/hard/libgcc.a(_dvmd_tls.o)
                0x08000980                __aeabi_ldiv0
                0x08000980                __aeabi_idiv0
 *(.text*)
 .text.SystemInit
                0x08000984       0x24 cmake/stm32cubemx/CMakeFiles/STM32_Drivers.dir/__/__/Core/Src/system_stm32f4xx.c.obj
                0x08000984                SystemInit
 .text.HAL_UART_Init
                0x080009a8       0xa0 cmake/stm32cubemx/CMakeFiles/STM32_Drivers.dir/__/__/Drivers/STM32F4xx_HAL_Driver/Src/stm32f4xx_hal_uart.c.obj
                0x080009a8                HAL_UART_Init
 .text.HAL_UART_Transmit
                0x08000a48      0x116 cmake/stm32cubemx/CMakeFiles/STM32_Drivers.dir/__/__/Drivers/STM32F4xx_HAL_Driver/Src/stm32f4xx_hal_uart.c.obj
                0x08000a48                HAL_UART_Transmit
 .text.HAL_UART_Receive_IT
                0x08000b5e       0x4a cmake/stm32cubemx/CMakeFiles/STM32_Drivers.dir/__/__/Drivers/STM32F4xx_HAL_Driver/Src/stm32f4xx_hal_uart.c.obj
                0x08000b5e                HAL_UART_Receive_IT
 .text.HAL_UART_IRQHandler
                0x08000ba8      0x524 cmake/stm32cubemx/CMakeFiles/STM32_Drivers.dir/__/__/Drivers/STM32F4xx_HAL_Driver/Src/stm32f4xx_hal_uart.c.obj
                0x08000ba8                HAL_UART_IRQHandler
 .text.HAL_UART_TxCpltCallback
                0x080010cc       0x14 cmake/stm32cubemx/CMakeFiles/STM32_Drivers.dir/__/__/Drivers/STM32F4xx_HAL_Driver/Src/stm32f4xx_hal_uart.c.obj
                0x080010cc                HAL_UART_TxCpltCallback
 .text.HAL_UART_ErrorCallback
                0x080010e0       0x14 cmake/stm32cubemx/CMakeFiles/STM32_Drivers.dir/__/__/Drivers/STM32F4xx_HAL_Driver/Src/stm32f4xx_hal_uart.c.obj
                0x080010e0                HAL_UART_ErrorCallback
 .text.HAL_UARTEx_RxEventCallback
                0x080010f4       0x18 cmake/stm32cubemx/CMakeFiles/STM32_Drivers.dir/__/__/Drivers/STM32F4xx_HAL_Driver/Src/stm32f4xx_hal_uart.c.obj
                0x080010f4                HAL_UARTEx_RxEventCallback
 .text.UART_WaitOnFlagUntilTimeout
                0x0800110c       0xb2 cmake/stm32cubemx/CMakeFiles/STM32_Drivers.dir/__/__/Drivers/STM32F4xx_HAL_Driver/Src/stm32f4xx_hal_uart.c.obj
 .text.UART_Start_Receive_IT
                0x080011be       0x74 cmake/stm32cubemx/CMakeFiles/STM32_Drivers.dir/__/__/Drivers/STM32F4xx_HAL_Driver/Src/stm32f4xx_hal_uart.c.obj
                0x080011be                UART_Start_Receive_IT
 .text.UART_EndRxTransfer
                0x08001232       0xc6 cmake/stm32cubemx/CMakeFiles/STM32_Drivers.dir/__/__/Drivers/STM32F4xx_HAL_Driver/Src/stm32f4xx_hal_uart.c.obj
 .text.UART_DMAAbortOnError
                0x080012f8       0x28 cmake/stm32cubemx/CMakeFiles/STM32_Drivers.dir/__/__/Drivers/STM32F4xx_HAL_Driver/Src/stm32f4xx_hal_uart.c.obj
 .text.UART_Transmit_IT
                0x08001320       0xa0 cmake/stm32cubemx/CMakeFiles/STM32_Drivers.dir/__/__/Drivers/STM32F4xx_HAL_Driver/Src/stm32f4xx_hal_uart.c.obj
 .text.UART_EndTransmit_IT
                0x080013c0       0x30 cmake/stm32cubemx/CMakeFiles/STM32_Drivers.dir/__/__/Drivers/STM32F4xx_HAL_Driver/Src/stm32f4xx_hal_uart.c.obj
 .text.UART_Receive_IT
                0x080013f0      0x17c cmake/stm32cubemx/CMakeFiles/STM32_Drivers.dir/__/__/Drivers/STM32F4xx_HAL_Driver/Src/stm32f4xx_hal_uart.c.obj
 .text.UART_SetConfig
                0x0800156c      0x4e8 cmake/stm32cubemx/CMakeFiles/STM32_Drivers.dir/__/__/Drivers/STM32F4xx_HAL_Driver/Src/stm32f4xx_hal_uart.c.obj
 .text.HAL_RCC_ClockConfig
                0x08001a54      0x1cc cmake/stm32cubemx/CMakeFiles/STM32_Drivers.dir/__/__/Drivers/STM32F4xx_HAL_Driver/Src/stm32f4xx_hal_rcc.c.obj
                0x08001a54                HAL_RCC_ClockConfig
 .text.HAL_RCC_GetHCLKFreq
                0x08001c20       0x18 cmake/stm32cubemx/CMakeFiles/STM32_Drivers.dir/__/__/Drivers/STM32F4xx_HAL_Driver/Src/stm32f4xx_hal_rcc.c.obj
                0x08001c20                HAL_RCC_GetHCLKFreq
 .text.HAL_RCC_GetPCLK1Freq
                0x08001c38       0x28 cmake/stm32cubemx/CMakeFiles/STM32_Drivers.dir/__/__/Drivers/STM32F4xx_HAL_Driver/Src/stm32f4xx_hal_rcc.c.obj
                0x08001c38                HAL_RCC_GetPCLK1Freq
 .text.HAL_RCC_GetPCLK2Freq
                0x08001c60       0x28 cmake/stm32cubemx/CMakeFiles/STM32_Drivers.dir/__/__/Drivers/STM32F4xx_HAL_Driver/Src/stm32f4xx_hal_rcc.c.obj
                0x08001c60                HAL_RCC_GetPCLK2Freq
 .text.HAL_RCC_GetSysClockFreq
                0x08001c88      0x460 cmake/stm32cubemx/CMakeFiles/STM32_Drivers.dir/__/__/Drivers/STM32F4xx_HAL_Driver/Src/stm32f4xx_hal_rcc_ex.c.obj
                0x08001c88                HAL_RCC_GetSysClockFreq
 .text.HAL_RCC_OscConfig
                0x080020e8      0x53c cmake/stm32cubemx/CMakeFiles/STM32_Drivers.dir/__/__/Drivers/STM32F4xx_HAL_Driver/Src/stm32f4xx_hal_rcc_ex.c.obj
                0x080020e8                HAL_RCC_OscConfig
 .text.HAL_GPIO_Init
                0x08002624      0x328 cmake/stm32cubemx/CMakeFiles/STM32_Drivers.dir/__/__/Drivers/STM32F4xx_HAL_Driver/Src/stm32f4xx_hal_gpio.c.obj
                0x08002624                HAL_GPIO_Init
 .text.HAL_GPIO_WritePin
                0x0800294c       0x32 cmake/stm32cubemx/CMakeFiles/STM32_Drivers.dir/__/__/Drivers/STM32F4xx_HAL_Driver/Src/stm32f4xx_hal_gpio.c.obj
                0x0800294c                HAL_GPIO_WritePin
 .text.HAL_DMA_Abort
                0x0800297e       0xe0 cmake/stm32cubemx/CMakeFiles/STM32_Drivers.dir/__/__/Drivers/STM32F4xx_HAL_Driver/Src/stm32f4xx_hal_dma.c.obj
                0x0800297e                HAL_DMA_Abort
 .text.HAL_DMA_Abort_IT
                0x08002a5e       0x44 cmake/stm32cubemx/CMakeFiles/STM32_Drivers.dir/__/__/Drivers/STM32F4xx_HAL_Driver/Src/stm32f4xx_hal_dma.c.obj
                0x08002a5e                HAL_DMA_Abort_IT
 *fill*         0x08002aa2        0x2 
 .text.__NVIC_SetPriorityGrouping
                0x08002aa4       0x48 cmake/stm32cubemx/CMakeFiles/STM32_Drivers.dir/__/__/Drivers/STM32F4xx_HAL_Driver/Src/stm32f4xx_hal_cortex.c.obj
 .text.__NVIC_GetPriorityGrouping
                0x08002aec       0x1c cmake/stm32cubemx/CMakeFiles/STM32_Drivers.dir/__/__/Drivers/STM32F4xx_HAL_Driver/Src/stm32f4xx_hal_cortex.c.obj
 .text.__NVIC_EnableIRQ
                0x08002b08       0x3c cmake/stm32cubemx/CMakeFiles/STM32_Drivers.dir/__/__/Drivers/STM32F4xx_HAL_Driver/Src/stm32f4xx_hal_cortex.c.obj
 .text.__NVIC_SetPriority
                0x08002b44       0x54 cmake/stm32cubemx/CMakeFiles/STM32_Drivers.dir/__/__/Drivers/STM32F4xx_HAL_Driver/Src/stm32f4xx_hal_cortex.c.obj
 .text.NVIC_EncodePriority
                0x08002b98       0x66 cmake/stm32cubemx/CMakeFiles/STM32_Drivers.dir/__/__/Drivers/STM32F4xx_HAL_Driver/Src/stm32f4xx_hal_cortex.c.obj
 *fill*         0x08002bfe        0x2 
 .text.SysTick_Config
                0x08002c00       0x44 cmake/stm32cubemx/CMakeFiles/STM32_Drivers.dir/__/__/Drivers/STM32F4xx_HAL_Driver/Src/stm32f4xx_hal_cortex.c.obj
 .text.HAL_NVIC_SetPriorityGrouping
                0x08002c44       0x16 cmake/stm32cubemx/CMakeFiles/STM32_Drivers.dir/__/__/Drivers/STM32F4xx_HAL_Driver/Src/stm32f4xx_hal_cortex.c.obj
                0x08002c44                HAL_NVIC_SetPriorityGrouping
 .text.HAL_NVIC_SetPriority
                0x08002c5a       0x38 cmake/stm32cubemx/CMakeFiles/STM32_Drivers.dir/__/__/Drivers/STM32F4xx_HAL_Driver/Src/stm32f4xx_hal_cortex.c.obj
                0x08002c5a                HAL_NVIC_SetPriority
 .text.HAL_NVIC_EnableIRQ
                0x08002c92       0x1c cmake/stm32cubemx/CMakeFiles/STM32_Drivers.dir/__/__/Drivers/STM32F4xx_HAL_Driver/Src/stm32f4xx_hal_cortex.c.obj
                0x08002c92                HAL_NVIC_EnableIRQ
 .text.HAL_SYSTICK_Config
                0x08002cae       0x18 cmake/stm32cubemx/CMakeFiles/STM32_Drivers.dir/__/__/Drivers/STM32F4xx_HAL_Driver/Src/stm32f4xx_hal_cortex.c.obj
                0x08002cae                HAL_SYSTICK_Config
 *fill*         0x08002cc6        0x2 
 .text.HAL_Init
                0x08002cc8       0x44 cmake/stm32cubemx/CMakeFiles/STM32_Drivers.dir/__/__/Drivers/STM32F4xx_HAL_Driver/Src/stm32f4xx_hal.c.obj
                0x08002cc8                HAL_Init
 .text.HAL_InitTick
                0x08002d0c       0x60 cmake/stm32cubemx/CMakeFiles/STM32_Drivers.dir/__/__/Drivers/STM32F4xx_HAL_Driver/Src/stm32f4xx_hal.c.obj
                0x08002d0c                HAL_InitTick
 .text.HAL_IncTick
                0x08002d6c       0x28 cmake/stm32cubemx/CMakeFiles/STM32_Drivers.dir/__/__/Drivers/STM32F4xx_HAL_Driver/Src/stm32f4xx_hal.c.obj
                0x08002d6c                HAL_IncTick
 .text.HAL_GetTick
                0x08002d94       0x18 cmake/stm32cubemx/CMakeFiles/STM32_Drivers.dir/__/__/Drivers/STM32F4xx_HAL_Driver/Src/stm32f4xx_hal.c.obj
                0x08002d94                HAL_GetTick
 .text.HAL_Delay
                0x08002dac       0x48 cmake/stm32cubemx/CMakeFiles/STM32_Drivers.dir/__/__/Drivers/STM32F4xx_HAL_Driver/Src/stm32f4xx_hal.c.obj
                0x08002dac                HAL_Delay
 .text.main     0x08002df4       0x1e CMakeFiles/rogilinkflex2_f446re.dir/Core/Src/main.c.obj
                0x08002df4                main
 *fill*         0x08002e12        0x2 
 .text.SystemClock_Config
                0x08002e14       0xdc CMakeFiles/rogilinkflex2_f446re.dir/Core/Src/main.c.obj
                0x08002e14                SystemClock_Config
 .text.MX_USART2_UART_Init
                0x08002ef0       0x54 CMakeFiles/rogilinkflex2_f446re.dir/Core/Src/main.c.obj
 .text.MX_GPIO_Init
                0x08002f44       0xdc CMakeFiles/rogilinkflex2_f446re.dir/Core/Src/main.c.obj
 .text.Error_Handler
                0x08003020        0xc CMakeFiles/rogilinkflex2_f446re.dir/Core/Src/main.c.obj
                0x08003020                Error_Handler
 .text.NMI_Handler
                0x0800302c        0x8 CMakeFiles/rogilinkflex2_f446re.dir/Core/Src/stm32f4xx_it.c.obj
                0x0800302c                NMI_Handler
 .text.HardFault_Handler
                0x08003034        0x8 CMakeFiles/rogilinkflex2_f446re.dir/Core/Src/stm32f4xx_it.c.obj
                0x08003034                HardFault_Handler
 .text.MemManage_Handler
                0x0800303c        0x8 CMakeFiles/rogilinkflex2_f446re.dir/Core/Src/stm32f4xx_it.c.obj
                0x0800303c                MemManage_Handler
 .text.BusFault_Handler
                0x08003044        0x8 CMakeFiles/rogilinkflex2_f446re.dir/Core/Src/stm32f4xx_it.c.obj
                0x08003044                BusFault_Handler
 .text.UsageFault_Handler
                0x0800304c        0x8 CMakeFiles/rogilinkflex2_f446re.dir/Core/Src/stm32f4xx_it.c.obj
                0x0800304c                UsageFault_Handler
 .text.SVC_Handler
                0x08003054        0xe CMakeFiles/rogilinkflex2_f446re.dir/Core/Src/stm32f4xx_it.c.obj
                0x08003054                SVC_Handler
 .text.DebugMon_Handler
                0x08003062        0xe CMakeFiles/rogilinkflex2_f446re.dir/Core/Src/stm32f4xx_it.c.obj
                0x08003062                DebugMon_Handler
 .text.PendSV_Handler
                0x08003070        0xe CMakeFiles/rogilinkflex2_f446re.dir/Core/Src/stm32f4xx_it.c.obj
                0x08003070                PendSV_Handler
 .text.SysTick_Handler
                0x0800307e        0xc CMakeFiles/rogilinkflex2_f446re.dir/Core/Src/stm32f4xx_it.c.obj
                0x0800307e                SysTick_Handler
 *fill*         0x0800308a        0x2 
 .text.USART2_IRQHandler
                0x0800308c       0x14 CMakeFiles/rogilinkflex2_f446re.dir/Core/Src/stm32f4xx_it.c.obj
                0x0800308c                USART2_IRQHandler
 .text.HAL_MspInit
                0x080030a0       0x50 CMakeFiles/rogilinkflex2_f446re.dir/Core/Src/stm32f4xx_hal_msp.c.obj
                0x080030a0                HAL_MspInit
 .text.HAL_UART_MspInit
                0x080030f0       0xa0 CMakeFiles/rogilinkflex2_f446re.dir/Core/Src/stm32f4xx_hal_msp.c.obj
                0x080030f0                HAL_UART_MspInit
 .text._sbrk    0x08003190       0x6c CMakeFiles/rogilinkflex2_f446re.dir/Core/Src/sysmem.c.obj
                0x08003190                _sbrk
 .text.Reset_Handler
                0x080031fc       0x50 CMakeFiles/rogilinkflex2_f446re.dir/startup_stm32f446xx.s.obj
                0x080031fc                Reset_Handler
 .text.Default_Handler
                0x0800324c        0x2 CMakeFiles/rogilinkflex2_f446re.dir/startup_stm32f446xx.s.obj
                0x0800324c                RTC_Alarm_IRQHandler
                0x0800324c                EXTI2_IRQHandler
                0x0800324c                TIM8_CC_IRQHandler
                0x0800324c                FMPI2C1_EV_IRQHandler
                0x0800324c                SPI4_IRQHandler
                0x0800324c                TIM1_CC_IRQHandler
                0x0800324c                DMA2_Stream5_IRQHandler
                0x0800324c                DMA1_Stream5_IRQHandler
                0x0800324c                PVD_IRQHandler
                0x0800324c                SDIO_IRQHandler
                0x0800324c                TAMP_STAMP_IRQHandler
                0x0800324c                CAN2_RX1_IRQHandler
                0x0800324c                EXTI3_IRQHandler
                0x0800324c                TIM8_TRG_COM_TIM14_IRQHandler
                0x0800324c                TIM1_UP_TIM10_IRQHandler
                0x0800324c                TIM8_UP_TIM13_IRQHandler
                0x0800324c                I2C3_ER_IRQHandler
                0x0800324c                EXTI0_IRQHandler
                0x0800324c                I2C2_EV_IRQHandler
                0x0800324c                DMA1_Stream2_IRQHandler
                0x0800324c                CAN1_RX0_IRQHandler
                0x0800324c                FPU_IRQHandler
                0x0800324c                OTG_HS_WKUP_IRQHandler
                0x0800324c                CAN2_SCE_IRQHandler
                0x0800324c                DMA2_Stream2_IRQHandler
                0x0800324c                SPI1_IRQHandler
                0x0800324c                TIM6_DAC_IRQHandler
                0x0800324c                TIM1_BRK_TIM9_IRQHandler
                0x0800324c                DCMI_IRQHandler
                0x0800324c                CAN2_RX0_IRQHandler
                0x0800324c                DMA2_Stream3_IRQHandler
                0x0800324c                SAI2_IRQHandler
                0x0800324c                USART6_IRQHandler
                0x0800324c                USART3_IRQHandler
                0x0800324c                CAN1_RX1_IRQHandler
                0x0800324c                UART5_IRQHandler
                0x0800324c                DMA2_Stream0_IRQHandler
                0x0800324c                TIM4_IRQHandler
                0x0800324c                QUADSPI_IRQHandler
                0x0800324c                I2C1_EV_IRQHandler
                0x0800324c                DMA1_Stream6_IRQHandler
                0x0800324c                DMA1_Stream1_IRQHandler
                0x0800324c                UART4_IRQHandler
                0x0800324c                TIM3_IRQHandler
                0x0800324c                RCC_IRQHandler
                0x0800324c                TIM8_BRK_TIM12_IRQHandler
                0x0800324c                Default_Handler
                0x0800324c                CEC_IRQHandler
                0x0800324c                EXTI15_10_IRQHandler
                0x0800324c                ADC_IRQHandler
                0x0800324c                DMA1_Stream7_IRQHandler
                0x0800324c                TIM7_IRQHandler
                0x0800324c                CAN2_TX_IRQHandler
                0x0800324c                TIM5_IRQHandler
                0x0800324c                DMA2_Stream7_IRQHandler
                0x0800324c                I2C3_EV_IRQHandler
                0x0800324c                EXTI9_5_IRQHandler
                0x0800324c                RTC_WKUP_IRQHandler
                0x0800324c                SPDIF_RX_IRQHandler
                0x0800324c                SPI2_IRQHandler
                0x0800324c                OTG_HS_EP1_IN_IRQHandler
                0x0800324c                DMA1_Stream0_IRQHandler
                0x0800324c                CAN1_TX_IRQHandler
                0x0800324c                FMPI2C1_ER_IRQHandler
                0x0800324c                EXTI4_IRQHandler
                0x0800324c                OTG_HS_EP1_OUT_IRQHandler
                0x0800324c                WWDG_IRQHandler
                0x0800324c                TIM2_IRQHandler
                0x0800324c                OTG_FS_WKUP_IRQHandler
                0x0800324c                TIM1_TRG_COM_TIM11_IRQHandler
                0x0800324c                OTG_HS_IRQHandler
                0x0800324c                EXTI1_IRQHandler
                0x0800324c                I2C2_ER_IRQHandler
                0x0800324c                DMA2_Stream1_IRQHandler
                0x0800324c                CAN1_SCE_IRQHandler
                0x0800324c                FLASH_IRQHandler
                0x0800324c                DMA2_Stream4_IRQHandler
                0x0800324c                USART1_IRQHandler
                0x0800324c                OTG_FS_IRQHandler
                0x0800324c                SPI3_IRQHandler
                0x0800324c                DMA1_Stream4_IRQHandler
                0x0800324c                I2C1_ER_IRQHandler
                0x0800324c                FMC_IRQHandler
                0x0800324c                DMA2_Stream6_IRQHandler
                0x0800324c                SAI1_IRQHandler
                0x0800324c                DMA1_Stream3_IRQHandler
 .text.setup    0x0800324e        0xc CMakeFiles/rogilinkflex2_f446re.dir/Src/main.cpp.obj
                0x0800324e                setup
 .text.loop     0x0800325a       0x12 CMakeFiles/rogilinkflex2_f446re.dir/Src/main.cpp.obj
                0x0800325a                loop
 .text.rogilinkflex2_init
                0x0800326c       0x68 CMakeFiles/rogilinkflex2_f446re.dir/Lib/rogilinkflex2/Src/rogilinkflex2.cpp.obj
                0x0800326c                rogilinkflex2_init
 .text.rogilinkflex2_process
                0x080032d4       0x10 CMakeFiles/rogilinkflex2_f446re.dir/Lib/rogilinkflex2/Src/rogilinkflex2.cpp.obj
                0x080032d4                rogilinkflex2_process
 .text.rogilinkflex2_get_device
                0x080032e4       0x44 CMakeFiles/rogilinkflex2_f446re.dir/Lib/rogilinkflex2/Src/rogilinkflex2.cpp.obj
                0x080032e4                rogilinkflex2_get_device
 .text.uart_send_json
                0x08003328       0x3c CMakeFiles/rogilinkflex2_f446re.dir/Lib/rogilinkflex2/Src/rogilinkflex2.cpp.obj
                0x08003328                uart_send_json
 .text.uart_receive_process
                0x08003364       0x58 CMakeFiles/rogilinkflex2_f446re.dir/Lib/rogilinkflex2/Src/rogilinkflex2.cpp.obj
                0x08003364                uart_receive_process
 .text.uart_send_response
                0x080033bc      0x120 CMakeFiles/rogilinkflex2_f446re.dir/Lib/rogilinkflex2/Src/rogilinkflex2.cpp.obj
                0x080033bc                uart_send_response
 .text.uart_send_periodic_data_multi
                0x080034dc      0x2fc CMakeFiles/rogilinkflex2_f446re.dir/Lib/rogilinkflex2/Src/rogilinkflex2.cpp.obj
                0x080034dc                uart_send_periodic_data_multi
 .text.parse_json_message
                0x080037d8      0x13c CMakeFiles/rogilinkflex2_f446re.dir/Lib/rogilinkflex2/Src/rogilinkflex2.cpp.obj
                0x080037d8                parse_json_message
 .text.process_configuration_message
                0x08003914      0x124 CMakeFiles/rogilinkflex2_f446re.dir/Lib/rogilinkflex2/Src/rogilinkflex2.cpp.obj
                0x08003914                process_configuration_message
 .text.process_read_message
                0x08003a38      0x120 CMakeFiles/rogilinkflex2_f446re.dir/Lib/rogilinkflex2/Src/rogilinkflex2.cpp.obj
                0x08003a38                process_read_message
 .text.process_write_message
                0x08003b58      0x16c CMakeFiles/rogilinkflex2_f446re.dir/Lib/rogilinkflex2/Src/rogilinkflex2.cpp.obj
                0x08003b58                process_write_message
 .text.read_device_data
                0x08003cc4       0x94 CMakeFiles/rogilinkflex2_f446re.dir/Lib/rogilinkflex2/Src/rogilinkflex2.cpp.obj
                0x08003cc4                read_device_data
 .text.write_device_data
                0x08003d58       0x94 CMakeFiles/rogilinkflex2_f446re.dir/Lib/rogilinkflex2/Src/rogilinkflex2.cpp.obj
                0x08003d58                write_device_data
 .text.periodic_task_init
                0x08003dec        0xe CMakeFiles/rogilinkflex2_f446re.dir/Lib/rogilinkflex2/Src/rogilinkflex2.cpp.obj
                0x08003dec                periodic_task_init
 *fill*         0x08003dfa        0x2 
 .text.periodic_task_process
                0x08003dfc      0x1a4 CMakeFiles/rogilinkflex2_f446re.dir/Lib/rogilinkflex2/Src/rogilinkflex2.cpp.obj
                0x08003dfc                periodic_task_process
 .text.handle_communication_error
                0x08003fa0       0x98 CMakeFiles/rogilinkflex2_f446re.dir/Lib/rogilinkflex2/Src/rogilinkflex2.cpp.obj
                0x08003fa0                handle_communication_error
 .text.handle_device_error
                0x08004038       0xc4 CMakeFiles/rogilinkflex2_f446re.dir/Lib/rogilinkflex2/Src/rogilinkflex2.cpp.obj
                0x08004038                handle_device_error
 .text.HAL_UART_RxCpltCallback
                0x080040fc       0x8c CMakeFiles/rogilinkflex2_f446re.dir/Lib/rogilinkflex2/Src/rogilinkflex2.cpp.obj
                0x080040fc                HAL_UART_RxCpltCallback
 .text._ZL20process_uart_messagePKc
                0x08004188       0x16 CMakeFiles/rogilinkflex2_f446re.dir/Lib/rogilinkflex2/Src/rogilinkflex2.cpp.obj
 *fill*         0x0800419e        0x2 
 .text._ZL20simulate_device_readhPKc
                0x080041a0      0x1d4 CMakeFiles/rogilinkflex2_f446re.dir/Lib/rogilinkflex2/Src/rogilinkflex2.cpp.obj
 .text._ZL21simulate_device_writehPKcf
                0x08004374       0x2e CMakeFiles/rogilinkflex2_f446re.dir/Lib/rogilinkflex2/Src/rogilinkflex2.cpp.obj
 *fill*         0x080043a2        0x2 
 .text.parse_periodic_requests_config
                0x080043a4      0x314 CMakeFiles/rogilinkflex2_f446re.dir/Lib/rogilinkflex2/Src/rogilinkflex2.cpp.obj
                0x080043a4                parse_periodic_requests_config
 .text.validate_periodic_request
                0x080046b8       0xd4 CMakeFiles/rogilinkflex2_f446re.dir/Lib/rogilinkflex2/Src/rogilinkflex2.cpp.obj
                0x080046b8                validate_periodic_request
 .text.clear_all_periodic_requests
                0x0800478c       0x24 CMakeFiles/rogilinkflex2_f446re.dir/Lib/rogilinkflex2/Src/rogilinkflex2.cpp.obj
                0x0800478c                clear_all_periodic_requests
 .text.add_periodic_request_from_config
                0x080047b0      0x108 CMakeFiles/rogilinkflex2_f446re.dir/Lib/rogilinkflex2/Src/rogilinkflex2.cpp.obj
                0x080047b0                add_periodic_request_from_config
 .text.json_get_array_element
                0x080048b8       0xa4 CMakeFiles/rogilinkflex2_f446re.dir/Lib/rogilinkflex2/Src/rogilinkflex2.cpp.obj
                0x080048b8                json_get_array_element
 .text.json_get_array_size
                0x0800495c       0x2a CMakeFiles/rogilinkflex2_f446re.dir/Lib/rogilinkflex2/Src/rogilinkflex2.cpp.obj
                0x0800495c                json_get_array_size
 .text.json_parse_string_array
                0x08004986       0xb8 CMakeFiles/rogilinkflex2_f446re.dir/Lib/rogilinkflex2/Src/rogilinkflex2.cpp.obj
                0x08004986                json_parse_string_array
 .text.json_parse_int_array
                0x08004a3e       0xba CMakeFiles/rogilinkflex2_f446re.dir/Lib/rogilinkflex2/Src/rogilinkflex2.cpp.obj
                0x08004a3e                json_parse_int_array
 .text.snprintf
                0x08004af8       0x6c /opt/st/stm32cubeclt_1.18.0/GNU-tools-for-STM32/bin/../lib/gcc/arm-none-eabi/13.3.1/../../../../arm-none-eabi/lib/thumb/v7e-m+fp/hard/libc_nano.a(libc_a-snprintf.o)
                0x08004af8                snprintf
                0x08004af8                sniprintf
 .text.memset   0x08004b64       0x10 /opt/st/stm32cubeclt_1.18.0/GNU-tools-for-STM32/bin/../lib/gcc/arm-none-eabi/13.3.1/../../../../arm-none-eabi/lib/thumb/v7e-m+fp/hard/libc_nano.a(libc_a-memset.o)
                0x08004b64                memset
 .text.strncpy  0x08004b74       0x26 /opt/st/stm32cubeclt_1.18.0/GNU-tools-for-STM32/bin/../lib/gcc/arm-none-eabi/13.3.1/../../../../arm-none-eabi/lib/thumb/v7e-m+fp/hard/libc_nano.a(libc_a-strncpy.o)
                0x08004b74                strncpy
 *fill*         0x08004b9a        0x2 
 .text.__errno  0x08004b9c        0xc /opt/st/stm32cubeclt_1.18.0/GNU-tools-for-STM32/bin/../lib/gcc/arm-none-eabi/13.3.1/../../../../arm-none-eabi/lib/thumb/v7e-m+fp/hard/libc_nano.a(libc_a-errno.o)
                0x08004b9c                __errno
 .text.__libc_init_array
                0x08004ba8       0x48 /opt/st/stm32cubeclt_1.18.0/GNU-tools-for-STM32/bin/../lib/gcc/arm-none-eabi/13.3.1/../../../../arm-none-eabi/lib/thumb/v7e-m+fp/hard/libc_nano.a(libc_a-init.o)
                0x08004ba8                __libc_init_array
 .text.__retarget_lock_acquire_recursive
                0x08004bf0        0x2 /opt/st/stm32cubeclt_1.18.0/GNU-tools-for-STM32/bin/../lib/gcc/arm-none-eabi/13.3.1/../../../../arm-none-eabi/lib/thumb/v7e-m+fp/hard/libc_nano.a(libc_a-lock.o)
                0x08004bf0                __retarget_lock_acquire_recursive
 .text.__retarget_lock_release_recursive
                0x08004bf2        0x2 /opt/st/stm32cubeclt_1.18.0/GNU-tools-for-STM32/bin/../lib/gcc/arm-none-eabi/13.3.1/../../../../arm-none-eabi/lib/thumb/v7e-m+fp/hard/libc_nano.a(libc_a-lock.o)
                0x08004bf2                __retarget_lock_release_recursive
 .text._free_r  0x08004bf4       0x94 /opt/st/stm32cubeclt_1.18.0/GNU-tools-for-STM32/bin/../lib/gcc/arm-none-eabi/13.3.1/../../../../arm-none-eabi/lib/thumb/v7e-m+fp/hard/libc_nano.a(libc_a-freer.o)
                0x08004bf4                _free_r
 .text.sbrk_aligned
                0x08004c88       0x44 /opt/st/stm32cubeclt_1.18.0/GNU-tools-for-STM32/bin/../lib/gcc/arm-none-eabi/13.3.1/../../../../arm-none-eabi/lib/thumb/v7e-m+fp/hard/libc_nano.a(libc_a-mallocr.o)
 .text._malloc_r
                0x08004ccc      0x100 /opt/st/stm32cubeclt_1.18.0/GNU-tools-for-STM32/bin/../lib/gcc/arm-none-eabi/13.3.1/../../../../arm-none-eabi/lib/thumb/v7e-m+fp/hard/libc_nano.a(libc_a-mallocr.o)
                0x08004ccc                _malloc_r
 .text.__malloc_lock
                0x08004dcc        0xc /opt/st/stm32cubeclt_1.18.0/GNU-tools-for-STM32/bin/../lib/gcc/arm-none-eabi/13.3.1/../../../../arm-none-eabi/lib/thumb/v7e-m+fp/hard/libc_nano.a(libc_a-mlock.o)
                0x08004dcc                __malloc_lock
 .text.__malloc_unlock
                0x08004dd8        0xc /opt/st/stm32cubeclt_1.18.0/GNU-tools-for-STM32/bin/../lib/gcc/arm-none-eabi/13.3.1/../../../../arm-none-eabi/lib/thumb/v7e-m+fp/hard/libc_nano.a(libc_a-mlock.o)
                0x08004dd8                __malloc_unlock
 .text.__ssputs_r
                0x08004de4       0xb6 /opt/st/stm32cubeclt_1.18.0/GNU-tools-for-STM32/bin/../lib/gcc/arm-none-eabi/13.3.1/../../../../arm-none-eabi/lib/thumb/v7e-m+fp/hard/libc_nano.a(libc_a-nano-svfprintf.o)
                0x08004de4                __ssputs_r
 *fill*         0x08004e9a        0x2 
 .text._svfprintf_r
                0x08004e9c      0x1f8 /opt/st/stm32cubeclt_1.18.0/GNU-tools-for-STM32/bin/../lib/gcc/arm-none-eabi/13.3.1/../../../../arm-none-eabi/lib/thumb/v7e-m+fp/hard/libc_nano.a(libc_a-nano-svfprintf.o)
                0x08004e9c                _svfprintf_r
                0x08004e9c                _svfiprintf_r
 .text._printf_common
                0x08005094       0xda /opt/st/stm32cubeclt_1.18.0/GNU-tools-for-STM32/bin/../lib/gcc/arm-none-eabi/13.3.1/../../../../arm-none-eabi/lib/thumb/v7e-m+fp/hard/libc_nano.a(libc_a-nano-vfprintf_i.o)
                0x08005094                _printf_common
 *fill*         0x0800516e        0x2 
 .text._printf_i
                0x08005170      0x23c /opt/st/stm32cubeclt_1.18.0/GNU-tools-for-STM32/bin/../lib/gcc/arm-none-eabi/13.3.1/../../../../arm-none-eabi/lib/thumb/v7e-m+fp/hard/libc_nano.a(libc_a-nano-vfprintf_i.o)
                0x08005170                _printf_i
 .text.memmove  0x080053ac       0x34 /opt/st/stm32cubeclt_1.18.0/GNU-tools-for-STM32/bin/../lib/gcc/arm-none-eabi/13.3.1/../../../../arm-none-eabi/lib/thumb/v7e-m+fp/hard/libc_nano.a(libc_a-memmove.o)
                0x080053ac                memmove
 .text._sbrk_r  0x080053e0       0x20 /opt/st/stm32cubeclt_1.18.0/GNU-tools-for-STM32/bin/../lib/gcc/arm-none-eabi/13.3.1/../../../../arm-none-eabi/lib/thumb/v7e-m+fp/hard/libc_nano.a(libc_a-sbrkr.o)
                0x080053e0                _sbrk_r
 .text.memcpy   0x08005400       0x1c /opt/st/stm32cubeclt_1.18.0/GNU-tools-for-STM32/bin/../lib/gcc/arm-none-eabi/13.3.1/../../../../arm-none-eabi/lib/thumb/v7e-m+fp/hard/libc_nano.a(libc_a-memcpy-stub.o)
                0x08005400                memcpy
 .text._realloc_r
                0x0800541c       0x5c /opt/st/stm32cubeclt_1.18.0/GNU-tools-for-STM32/bin/../lib/gcc/arm-none-eabi/13.3.1/../../../../arm-none-eabi/lib/thumb/v7e-m+fp/hard/libc_nano.a(libc_a-reallocr.o)
                0x0800541c                _realloc_r
 .text._malloc_usable_size_r
                0x08005478       0x10 /opt/st/stm32cubeclt_1.18.0/GNU-tools-for-STM32/bin/../lib/gcc/arm-none-eabi/13.3.1/../../../../arm-none-eabi/lib/thumb/v7e-m+fp/hard/libc_nano.a(libc_a-msizer.o)
                0x08005478                _malloc_usable_size_r
 *(.glue_7)
 .glue_7        0x08005488        0x0 linker stubs
 *(.glue_7t)
 .glue_7t       0x08005488        0x0 linker stubs
 *(.eh_frame)
 .eh_frame      0x08005488        0x0 /opt/st/stm32cubeclt_1.18.0/GNU-tools-for-STM32/bin/../lib/gcc/arm-none-eabi/13.3.1/thumb/v7e-m+fp/hard/crtbegin.o
 *(.init)
 .init          0x08005488        0x4 /opt/st/stm32cubeclt_1.18.0/GNU-tools-for-STM32/bin/../lib/gcc/arm-none-eabi/13.3.1/thumb/v7e-m+fp/hard/crti.o
                0x08005488                _init
 .init          0x0800548c        0x8 /opt/st/stm32cubeclt_1.18.0/GNU-tools-for-STM32/bin/../lib/gcc/arm-none-eabi/13.3.1/thumb/v7e-m+fp/hard/crtn.o
 *(.fini)
 .fini          0x08005494        0x4 /opt/st/stm32cubeclt_1.18.0/GNU-tools-for-STM32/bin/../lib/gcc/arm-none-eabi/13.3.1/thumb/v7e-m+fp/hard/crti.o
                0x08005494                _fini
 .fini          0x08005498        0x8 /opt/st/stm32cubeclt_1.18.0/GNU-tools-for-STM32/bin/../lib/gcc/arm-none-eabi/13.3.1/thumb/v7e-m+fp/hard/crtn.o
                0x080054a0                        . = ALIGN (0x4)
                0x080054a0                        _etext = .

.vfp11_veneer   0x080054a0        0x0
 .vfp11_veneer  0x080054a0        0x0 linker stubs

.v4_bx          0x080054a0        0x0
 .v4_bx         0x080054a0        0x0 linker stubs

.iplt           0x080054a0        0x0
 .iplt          0x080054a0        0x0 /opt/st/stm32cubeclt_1.18.0/GNU-tools-for-STM32/bin/../lib/gcc/arm-none-eabi/13.3.1/thumb/v7e-m+fp/hard/crtbegin.o

.rodata         0x080054a0      0x2a8
                0x080054a0                        . = ALIGN (0x4)
 *(.rodata)
 .rodata        0x080054a0      0x25c CMakeFiles/rogilinkflex2_f446re.dir/Lib/rogilinkflex2/Src/rogilinkflex2.cpp.obj
 *(.rodata*)
 .rodata.AHBPrescTable
                0x080056fc       0x10 cmake/stm32cubemx/CMakeFiles/STM32_Drivers.dir/__/__/Core/Src/system_stm32f4xx.c.obj
                0x080056fc                AHBPrescTable
 .rodata.APBPrescTable
                0x0800570c        0x8 cmake/stm32cubemx/CMakeFiles/STM32_Drivers.dir/__/__/Core/Src/system_stm32f4xx.c.obj
                0x0800570c                APBPrescTable
 .rodata._svfprintf_r.str1.1
                0x08005714       0x33 /opt/st/stm32cubeclt_1.18.0/GNU-tools-for-STM32/bin/../lib/gcc/arm-none-eabi/13.3.1/../../../../arm-none-eabi/lib/thumb/v7e-m+fp/hard/libc_nano.a(libc_a-nano-svfprintf.o)
                                 0x11 (size before relaxing)
 .rodata._printf_i.str1.1
                0x08005747       0x22 /opt/st/stm32cubeclt_1.18.0/GNU-tools-for-STM32/bin/../lib/gcc/arm-none-eabi/13.3.1/../../../../arm-none-eabi/lib/thumb/v7e-m+fp/hard/libc_nano.a(libc_a-nano-vfprintf_i.o)
                0x0800576c                        . = ALIGN (0x4)
 *fill*         0x08005747        0x1 

.ARM.extab      0x08005748        0x0
                0x08005748                        . = ALIGN (0x4)
 *(.ARM.extab* .gnu.linkonce.armextab.*)
                0x08005748                        . = ALIGN (0x4)

.ARM            0x08005748        0x8
                0x08005748                        . = ALIGN (0x4)
                0x08005748                        __exidx_start = .
 *(.ARM.exidx*)
 .ARM.exidx     0x08005748        0x8 /opt/st/stm32cubeclt_1.18.0/GNU-tools-for-STM32/bin/../lib/gcc/arm-none-eabi/13.3.1/../../../../arm-none-eabi/lib/thumb/v7e-m+fp/hard/libc_nano.a(libc_a-strcmp.o)
 .ARM.exidx     0x08005750        0x0 /opt/st/stm32cubeclt_1.18.0/GNU-tools-for-STM32/bin/../lib/gcc/arm-none-eabi/13.3.1/../../../../arm-none-eabi/lib/thumb/v7e-m+fp/hard/libc_nano.a(libc_a-strlen.o)
                                  0x8 (size before relaxing)
 .ARM.exidx     0x08005750        0x0 /opt/st/stm32cubeclt_1.18.0/GNU-tools-for-STM32/bin/../lib/gcc/arm-none-eabi/13.3.1/../../../../arm-none-eabi/lib/thumb/v7e-m+fp/hard/libc_nano.a(libc_a-memchr.o)
                                  0x8 (size before relaxing)
 .ARM.exidx     0x08005750        0x0 /opt/st/stm32cubeclt_1.18.0/GNU-tools-for-STM32/bin/../lib/gcc/arm-none-eabi/13.3.1/thumb/v7e-m+fp/hard/libgcc.a(_udivmoddi4.o)
                                  0x8 (size before relaxing)
                0x08005750                        __exidx_end = .
                0x08005750                        . = ALIGN (0x4)

.preinit_array  0x08005750        0x0
                0x08005750                        . = ALIGN (0x4)
                0x08005750                        PROVIDE (__preinit_array_start = .)
 *(.preinit_array*)
                0x08005750                        PROVIDE (__preinit_array_end = .)
                0x08005750                        . = ALIGN (0x4)

.init_array     0x08005750        0x4
                0x08005750                        . = ALIGN (0x4)
                0x08005750                        PROVIDE (__init_array_start = .)
 *(SORT_BY_NAME(.init_array.*))
 *(.init_array*)
 .init_array    0x08005750        0x4 /opt/st/stm32cubeclt_1.18.0/GNU-tools-for-STM32/bin/../lib/gcc/arm-none-eabi/13.3.1/thumb/v7e-m+fp/hard/crtbegin.o
                0x08005754                        PROVIDE (__init_array_end = .)
                0x08005754                        . = ALIGN (0x4)

.fini_array     0x08005754        0x4
                0x08005754                        . = ALIGN (0x4)
                [!provide]                        PROVIDE (__fini_array_start = .)
 *(SORT_BY_NAME(.fini_array.*))
 *(.fini_array*)
 .fini_array    0x08005754        0x4 /opt/st/stm32cubeclt_1.18.0/GNU-tools-for-STM32/bin/../lib/gcc/arm-none-eabi/13.3.1/thumb/v7e-m+fp/hard/crtbegin.o
                [!provide]                        PROVIDE (__fini_array_end = .)
                0x08005758                        . = ALIGN (0x4)
                0x08005758                        _sidata = LOADADDR (.data)

.rel.dyn        0x08005758        0x0
 .rel.iplt      0x08005758        0x0 /opt/st/stm32cubeclt_1.18.0/GNU-tools-for-STM32/bin/../lib/gcc/arm-none-eabi/13.3.1/thumb/v7e-m+fp/hard/crtbegin.o

.data           0x20000000       0x5c load address 0x08005758
                0x20000000                        . = ALIGN (0x4)
                0x20000000                        _sdata = .
 *(.data)
 *(.data*)
 .data.SystemCoreClock
                0x20000000        0x4 cmake/stm32cubemx/CMakeFiles/STM32_Drivers.dir/__/__/Core/Src/system_stm32f4xx.c.obj
                0x20000000                SystemCoreClock
 .data.uwTickPrio
                0x20000004        0x4 cmake/stm32cubemx/CMakeFiles/STM32_Drivers.dir/__/__/Drivers/STM32F4xx_HAL_Driver/Src/stm32f4xx_hal.c.obj
                0x20000004                uwTickPrio
 .data.uwTickFreq
                0x20000008        0x1 cmake/stm32cubemx/CMakeFiles/STM32_Drivers.dir/__/__/Drivers/STM32F4xx_HAL_Driver/Src/stm32f4xx_hal.c.obj
                0x20000008                uwTickFreq
 *fill*         0x20000009        0x3 
 .data._impure_ptr
                0x2000000c        0x4 /opt/st/stm32cubeclt_1.18.0/GNU-tools-for-STM32/bin/../lib/gcc/arm-none-eabi/13.3.1/../../../../arm-none-eabi/lib/thumb/v7e-m+fp/hard/libc_nano.a(libc_a-impure.o)
                0x2000000c                _impure_ptr
 .data._impure_data
                0x20000010       0x4c /opt/st/stm32cubeclt_1.18.0/GNU-tools-for-STM32/bin/../lib/gcc/arm-none-eabi/13.3.1/../../../../arm-none-eabi/lib/thumb/v7e-m+fp/hard/libc_nano.a(libc_a-impure.o)
                0x20000010                _impure_data
 *(.RamFunc)
 *(.RamFunc*)
                0x2000005c                        . = ALIGN (0x4)
                0x2000005c                        _edata = .

.igot.plt       0x2000005c        0x0 load address 0x080057b4
 .igot.plt      0x2000005c        0x0 /opt/st/stm32cubeclt_1.18.0/GNU-tools-for-STM32/bin/../lib/gcc/arm-none-eabi/13.3.1/thumb/v7e-m+fp/hard/crtbegin.o
                0x2000005c                        . = ALIGN (0x4)

.bss            0x2000005c     0x17bc load address 0x080057b4
                0x2000005c                        _sbss = .
                0x2000005c                        __bss_start__ = _sbss
 *(.bss)
 .bss           0x2000005c       0x1c /opt/st/stm32cubeclt_1.18.0/GNU-tools-for-STM32/bin/../lib/gcc/arm-none-eabi/13.3.1/thumb/v7e-m+fp/hard/crtbegin.o
 *(.bss*)
 .bss.uwTick    0x20000078        0x4 cmake/stm32cubemx/CMakeFiles/STM32_Drivers.dir/__/__/Drivers/STM32F4xx_HAL_Driver/Src/stm32f4xx_hal.c.obj
                0x20000078                uwTick
 .bss.huart2    0x2000007c       0x48 CMakeFiles/rogilinkflex2_f446re.dir/Core/Src/main.c.obj
                0x2000007c                huart2
 .bss.__sbrk_heap_end
                0x200000c4        0x4 CMakeFiles/rogilinkflex2_f446re.dir/Core/Src/sysmem.c.obj
 .bss._ZL12device_table
                0x200000c8      0x200 CMakeFiles/rogilinkflex2_f446re.dir/Lib/rogilinkflex2/Src/rogilinkflex2.cpp.obj
 .bss._ZL17periodic_requests
                0x200002c8      0xc00 CMakeFiles/rogilinkflex2_f446re.dir/Lib/rogilinkflex2/Src/rogilinkflex2.cpp.obj
 .bss._ZL12device_count
                0x20000ec8        0x1 CMakeFiles/rogilinkflex2_f446re.dir/Lib/rogilinkflex2/Src/rogilinkflex2.cpp.obj
 .bss._ZL22periodic_request_count
                0x20000ec9        0x1 CMakeFiles/rogilinkflex2_f446re.dir/Lib/rogilinkflex2/Src/rogilinkflex2.cpp.obj
 *fill*         0x20000eca        0x2 
 .bss._ZL14uart_rx_buffer
                0x20000ecc      0x800 CMakeFiles/rogilinkflex2_f446re.dir/Lib/rogilinkflex2/Src/rogilinkflex2.cpp.obj
 .bss._ZL13uart_rx_index
                0x200016cc        0x2 CMakeFiles/rogilinkflex2_f446re.dir/Lib/rogilinkflex2/Src/rogilinkflex2.cpp.obj
 .bss._ZL13message_ready
                0x200016ce        0x1 CMakeFiles/rogilinkflex2_f446re.dir/Lib/rogilinkflex2/Src/rogilinkflex2.cpp.obj
 *fill*         0x200016cf        0x1 
 .bss.__sf      0x200016d0      0x138 /opt/st/stm32cubeclt_1.18.0/GNU-tools-for-STM32/bin/../lib/gcc/arm-none-eabi/13.3.1/../../../../arm-none-eabi/lib/thumb/v7e-m+fp/hard/libc_nano.a(libc_a-findfp.o)
                0x200016d0                __sf
 .bss.errno     0x20001808        0x4 /opt/st/stm32cubeclt_1.18.0/GNU-tools-for-STM32/bin/../lib/gcc/arm-none-eabi/13.3.1/../../../../arm-none-eabi/lib/thumb/v7e-m+fp/hard/libc_nano.a(libc_a-reent.o)
                0x20001808                errno
 .bss.__lock___malloc_recursive_mutex
                0x2000180c        0x1 /opt/st/stm32cubeclt_1.18.0/GNU-tools-for-STM32/bin/../lib/gcc/arm-none-eabi/13.3.1/../../../../arm-none-eabi/lib/thumb/v7e-m+fp/hard/libc_nano.a(libc_a-lock.o)
                0x2000180c                __lock___malloc_recursive_mutex
 *fill*         0x2000180d        0x3 
 .bss.__malloc_sbrk_start
                0x20001810        0x4 /opt/st/stm32cubeclt_1.18.0/GNU-tools-for-STM32/bin/../lib/gcc/arm-none-eabi/13.3.1/../../../../arm-none-eabi/lib/thumb/v7e-m+fp/hard/libc_nano.a(libc_a-mallocr.o)
                0x20001810                __malloc_sbrk_start
 .bss.__malloc_free_list
                0x20001814        0x4 /opt/st/stm32cubeclt_1.18.0/GNU-tools-for-STM32/bin/../lib/gcc/arm-none-eabi/13.3.1/../../../../arm-none-eabi/lib/thumb/v7e-m+fp/hard/libc_nano.a(libc_a-mallocr.o)
                0x20001814                __malloc_free_list
 *(COMMON)
                0x20001818                        . = ALIGN (0x4)
                0x20001818                        _ebss = .
                0x20001818                        __bss_end__ = _ebss

._user_heap_stack
                0x20001818      0x600 load address 0x080057b4
                0x20001818                        . = ALIGN (0x8)
                [!provide]                        PROVIDE (end = .)
                0x20001818                        PROVIDE (_end = .)
                0x20001a18                        . = (. + _Min_Heap_Size)
 *fill*         0x20001818      0x200 
                0x20001e18                        . = (. + _Min_Stack_Size)
 *fill*         0x20001a18      0x400 
                0x20001e18                        . = ALIGN (0x8)

/DISCARD/
 libc.a(*)
 libm.a(*)
 libgcc.a(*)
OUTPUT(rogilinkflex2_f446re.elf elf32-littlearm)
LOAD linker stubs
LOAD /opt/st/stm32cubeclt_1.18.0/GNU-tools-for-STM32/bin/../lib/gcc/arm-none-eabi/13.3.1/../../../../arm-none-eabi/lib/thumb/v7e-m+fp/hard/libc.a
LOAD /opt/st/stm32cubeclt_1.18.0/GNU-tools-for-STM32/bin/../lib/gcc/arm-none-eabi/13.3.1/../../../../arm-none-eabi/lib/thumb/v7e-m+fp/hard/libm.a
LOAD /opt/st/stm32cubeclt_1.18.0/GNU-tools-for-STM32/bin/../lib/gcc/arm-none-eabi/13.3.1/thumb/v7e-m+fp/hard/libgcc.a

.ARM.attributes
                0x00000000       0x30
 .ARM.attributes
                0x00000000       0x22 /opt/st/stm32cubeclt_1.18.0/GNU-tools-for-STM32/bin/../lib/gcc/arm-none-eabi/13.3.1/thumb/v7e-m+fp/hard/crti.o
 .ARM.attributes
                0x00000022       0x34 /opt/st/stm32cubeclt_1.18.0/GNU-tools-for-STM32/bin/../lib/gcc/arm-none-eabi/13.3.1/thumb/v7e-m+fp/hard/crtbegin.o
 .ARM.attributes
                0x00000056       0x34 cmake/stm32cubemx/CMakeFiles/STM32_Drivers.dir/__/__/Core/Src/system_stm32f4xx.c.obj
 .ARM.attributes
                0x0000008a       0x34 cmake/stm32cubemx/CMakeFiles/STM32_Drivers.dir/__/__/Drivers/STM32F4xx_HAL_Driver/Src/stm32f4xx_hal_uart.c.obj
 .ARM.attributes
                0x000000be       0x34 cmake/stm32cubemx/CMakeFiles/STM32_Drivers.dir/__/__/Drivers/STM32F4xx_HAL_Driver/Src/stm32f4xx_hal_rcc.c.obj
 .ARM.attributes
                0x000000f2       0x34 cmake/stm32cubemx/CMakeFiles/STM32_Drivers.dir/__/__/Drivers/STM32F4xx_HAL_Driver/Src/stm32f4xx_hal_rcc_ex.c.obj
 .ARM.attributes
                0x00000126       0x34 cmake/stm32cubemx/CMakeFiles/STM32_Drivers.dir/__/__/Drivers/STM32F4xx_HAL_Driver/Src/stm32f4xx_hal_gpio.c.obj
 .ARM.attributes
                0x0000015a       0x34 cmake/stm32cubemx/CMakeFiles/STM32_Drivers.dir/__/__/Drivers/STM32F4xx_HAL_Driver/Src/stm32f4xx_hal_dma.c.obj
 .ARM.attributes
                0x0000018e       0x34 cmake/stm32cubemx/CMakeFiles/STM32_Drivers.dir/__/__/Drivers/STM32F4xx_HAL_Driver/Src/stm32f4xx_hal_cortex.c.obj
 .ARM.attributes
                0x000001c2       0x34 cmake/stm32cubemx/CMakeFiles/STM32_Drivers.dir/__/__/Drivers/STM32F4xx_HAL_Driver/Src/stm32f4xx_hal.c.obj
 .ARM.attributes
                0x000001f6       0x34 CMakeFiles/rogilinkflex2_f446re.dir/Core/Src/main.c.obj
 .ARM.attributes
                0x0000022a       0x34 CMakeFiles/rogilinkflex2_f446re.dir/Core/Src/stm32f4xx_it.c.obj
 .ARM.attributes
                0x0000025e       0x34 CMakeFiles/rogilinkflex2_f446re.dir/Core/Src/stm32f4xx_hal_msp.c.obj
 .ARM.attributes
                0x00000292       0x34 CMakeFiles/rogilinkflex2_f446re.dir/Core/Src/sysmem.c.obj
 .ARM.attributes
                0x000002c6       0x21 CMakeFiles/rogilinkflex2_f446re.dir/startup_stm32f446xx.s.obj
 .ARM.attributes
                0x000002e7       0x34 CMakeFiles/rogilinkflex2_f446re.dir/Src/main.cpp.obj
 .ARM.attributes
                0x0000031b       0x34 CMakeFiles/rogilinkflex2_f446re.dir/Lib/rogilinkflex2/Src/rogilinkflex2.cpp.obj
 .ARM.attributes
                0x0000034f       0x34 /opt/st/stm32cubeclt_1.18.0/GNU-tools-for-STM32/bin/../lib/gcc/arm-none-eabi/13.3.1/../../../../arm-none-eabi/lib/thumb/v7e-m+fp/hard/libc_nano.a(libc_a-findfp.o)
 .ARM.attributes
                0x00000383       0x34 /opt/st/stm32cubeclt_1.18.0/GNU-tools-for-STM32/bin/../lib/gcc/arm-none-eabi/13.3.1/../../../../arm-none-eabi/lib/thumb/v7e-m+fp/hard/libc_nano.a(libc_a-snprintf.o)
 .ARM.attributes
                0x000003b7       0x34 /opt/st/stm32cubeclt_1.18.0/GNU-tools-for-STM32/bin/../lib/gcc/arm-none-eabi/13.3.1/../../../../arm-none-eabi/lib/thumb/v7e-m+fp/hard/libc_nano.a(libc_a-memset.o)
 .ARM.attributes
                0x000003eb       0x34 /opt/st/stm32cubeclt_1.18.0/GNU-tools-for-STM32/bin/../lib/gcc/arm-none-eabi/13.3.1/../../../../arm-none-eabi/lib/thumb/v7e-m+fp/hard/libc_nano.a(libc_a-strncpy.o)
 .ARM.attributes
                0x0000041f       0x34 /opt/st/stm32cubeclt_1.18.0/GNU-tools-for-STM32/bin/../lib/gcc/arm-none-eabi/13.3.1/../../../../arm-none-eabi/lib/thumb/v7e-m+fp/hard/libc_nano.a(libc_a-reent.o)
 .ARM.attributes
                0x00000453       0x34 /opt/st/stm32cubeclt_1.18.0/GNU-tools-for-STM32/bin/../lib/gcc/arm-none-eabi/13.3.1/../../../../arm-none-eabi/lib/thumb/v7e-m+fp/hard/libc_nano.a(libc_a-impure.o)
 .ARM.attributes
                0x00000487       0x34 /opt/st/stm32cubeclt_1.18.0/GNU-tools-for-STM32/bin/../lib/gcc/arm-none-eabi/13.3.1/../../../../arm-none-eabi/lib/thumb/v7e-m+fp/hard/libc_nano.a(libc_a-errno.o)
 .ARM.attributes
                0x000004bb       0x34 /opt/st/stm32cubeclt_1.18.0/GNU-tools-for-STM32/bin/../lib/gcc/arm-none-eabi/13.3.1/../../../../arm-none-eabi/lib/thumb/v7e-m+fp/hard/libc_nano.a(libc_a-init.o)
 .ARM.attributes
                0x000004ef       0x34 /opt/st/stm32cubeclt_1.18.0/GNU-tools-for-STM32/bin/../lib/gcc/arm-none-eabi/13.3.1/../../../../arm-none-eabi/lib/thumb/v7e-m+fp/hard/libc_nano.a(libc_a-lock.o)
 .ARM.attributes
                0x00000523       0x20 /opt/st/stm32cubeclt_1.18.0/GNU-tools-for-STM32/bin/../lib/gcc/arm-none-eabi/13.3.1/../../../../arm-none-eabi/lib/thumb/v7e-m+fp/hard/libc_nano.a(libc_a-strcmp.o)
 .ARM.attributes
                0x00000543       0x17 /opt/st/stm32cubeclt_1.18.0/GNU-tools-for-STM32/bin/../lib/gcc/arm-none-eabi/13.3.1/../../../../arm-none-eabi/lib/thumb/v7e-m+fp/hard/libc_nano.a(libc_a-strlen.o)
 .ARM.attributes
                0x0000055a       0x34 /opt/st/stm32cubeclt_1.18.0/GNU-tools-for-STM32/bin/../lib/gcc/arm-none-eabi/13.3.1/../../../../arm-none-eabi/lib/thumb/v7e-m+fp/hard/libc_nano.a(libc_a-freer.o)
 .ARM.attributes
                0x0000058e       0x34 /opt/st/stm32cubeclt_1.18.0/GNU-tools-for-STM32/bin/../lib/gcc/arm-none-eabi/13.3.1/../../../../arm-none-eabi/lib/thumb/v7e-m+fp/hard/libc_nano.a(libc_a-mallocr.o)
 .ARM.attributes
                0x000005c2       0x34 /opt/st/stm32cubeclt_1.18.0/GNU-tools-for-STM32/bin/../lib/gcc/arm-none-eabi/13.3.1/../../../../arm-none-eabi/lib/thumb/v7e-m+fp/hard/libc_nano.a(libc_a-mlock.o)
 .ARM.attributes
                0x000005f6       0x34 /opt/st/stm32cubeclt_1.18.0/GNU-tools-for-STM32/bin/../lib/gcc/arm-none-eabi/13.3.1/../../../../arm-none-eabi/lib/thumb/v7e-m+fp/hard/libc_nano.a(libc_a-nano-svfprintf.o)
 .ARM.attributes
                0x0000062a       0x34 /opt/st/stm32cubeclt_1.18.0/GNU-tools-for-STM32/bin/../lib/gcc/arm-none-eabi/13.3.1/../../../../arm-none-eabi/lib/thumb/v7e-m+fp/hard/libc_nano.a(libc_a-nano-vfprintf_i.o)
 .ARM.attributes
                0x0000065e       0x34 /opt/st/stm32cubeclt_1.18.0/GNU-tools-for-STM32/bin/../lib/gcc/arm-none-eabi/13.3.1/../../../../arm-none-eabi/lib/thumb/v7e-m+fp/hard/libc_nano.a(libc_a-memmove.o)
 .ARM.attributes
                0x00000692       0x34 /opt/st/stm32cubeclt_1.18.0/GNU-tools-for-STM32/bin/../lib/gcc/arm-none-eabi/13.3.1/../../../../arm-none-eabi/lib/thumb/v7e-m+fp/hard/libc_nano.a(libc_a-sbrkr.o)
 .ARM.attributes
                0x000006c6       0x1c /opt/st/stm32cubeclt_1.18.0/GNU-tools-for-STM32/bin/../lib/gcc/arm-none-eabi/13.3.1/../../../../arm-none-eabi/lib/thumb/v7e-m+fp/hard/libc_nano.a(libc_a-memchr.o)
 .ARM.attributes
                0x000006e2       0x34 /opt/st/stm32cubeclt_1.18.0/GNU-tools-for-STM32/bin/../lib/gcc/arm-none-eabi/13.3.1/../../../../arm-none-eabi/lib/thumb/v7e-m+fp/hard/libc_nano.a(libc_a-memcpy-stub.o)
 .ARM.attributes
                0x00000716       0x34 /opt/st/stm32cubeclt_1.18.0/GNU-tools-for-STM32/bin/../lib/gcc/arm-none-eabi/13.3.1/../../../../arm-none-eabi/lib/thumb/v7e-m+fp/hard/libc_nano.a(libc_a-reallocr.o)
 .ARM.attributes
                0x0000074a       0x34 /opt/st/stm32cubeclt_1.18.0/GNU-tools-for-STM32/bin/../lib/gcc/arm-none-eabi/13.3.1/../../../../arm-none-eabi/lib/thumb/v7e-m+fp/hard/libc_nano.a(libc_a-msizer.o)
 .ARM.attributes
                0x0000077e       0x22 /opt/st/stm32cubeclt_1.18.0/GNU-tools-for-STM32/bin/../lib/gcc/arm-none-eabi/13.3.1/thumb/v7e-m+fp/hard/libgcc.a(_arm_addsubdf3.o)
 .ARM.attributes
                0x000007a0       0x22 /opt/st/stm32cubeclt_1.18.0/GNU-tools-for-STM32/bin/../lib/gcc/arm-none-eabi/13.3.1/thumb/v7e-m+fp/hard/libgcc.a(_aeabi_uldivmod.o)
 .ARM.attributes
                0x000007c2       0x34 /opt/st/stm32cubeclt_1.18.0/GNU-tools-for-STM32/bin/../lib/gcc/arm-none-eabi/13.3.1/thumb/v7e-m+fp/hard/libgcc.a(_udivmoddi4.o)
 .ARM.attributes
                0x000007f6       0x22 /opt/st/stm32cubeclt_1.18.0/GNU-tools-for-STM32/bin/../lib/gcc/arm-none-eabi/13.3.1/thumb/v7e-m+fp/hard/libgcc.a(_dvmd_tls.o)
 .ARM.attributes
                0x00000818       0x22 /opt/st/stm32cubeclt_1.18.0/GNU-tools-for-STM32/bin/../lib/gcc/arm-none-eabi/13.3.1/thumb/v7e-m+fp/hard/crtn.o

.comment        0x00000000       0x43
 .comment       0x00000000       0x43 cmake/stm32cubemx/CMakeFiles/STM32_Drivers.dir/__/__/Core/Src/system_stm32f4xx.c.obj
                                 0x44 (size before relaxing)
 .comment       0x00000043       0x44 cmake/stm32cubemx/CMakeFiles/STM32_Drivers.dir/__/__/Drivers/STM32F4xx_HAL_Driver/Src/stm32f4xx_hal_uart.c.obj
 .comment       0x00000043       0x44 cmake/stm32cubemx/CMakeFiles/STM32_Drivers.dir/__/__/Drivers/STM32F4xx_HAL_Driver/Src/stm32f4xx_hal_rcc.c.obj
 .comment       0x00000043       0x44 cmake/stm32cubemx/CMakeFiles/STM32_Drivers.dir/__/__/Drivers/STM32F4xx_HAL_Driver/Src/stm32f4xx_hal_rcc_ex.c.obj
 .comment       0x00000043       0x44 cmake/stm32cubemx/CMakeFiles/STM32_Drivers.dir/__/__/Drivers/STM32F4xx_HAL_Driver/Src/stm32f4xx_hal_gpio.c.obj
 .comment       0x00000043       0x44 cmake/stm32cubemx/CMakeFiles/STM32_Drivers.dir/__/__/Drivers/STM32F4xx_HAL_Driver/Src/stm32f4xx_hal_dma.c.obj
 .comment       0x00000043       0x44 cmake/stm32cubemx/CMakeFiles/STM32_Drivers.dir/__/__/Drivers/STM32F4xx_HAL_Driver/Src/stm32f4xx_hal_cortex.c.obj
 .comment       0x00000043       0x44 cmake/stm32cubemx/CMakeFiles/STM32_Drivers.dir/__/__/Drivers/STM32F4xx_HAL_Driver/Src/stm32f4xx_hal.c.obj
 .comment       0x00000043       0x44 CMakeFiles/rogilinkflex2_f446re.dir/Core/Src/main.c.obj
 .comment       0x00000043       0x44 CMakeFiles/rogilinkflex2_f446re.dir/Core/Src/stm32f4xx_it.c.obj
 .comment       0x00000043       0x44 CMakeFiles/rogilinkflex2_f446re.dir/Core/Src/stm32f4xx_hal_msp.c.obj
 .comment       0x00000043       0x44 CMakeFiles/rogilinkflex2_f446re.dir/Core/Src/sysmem.c.obj
 .comment       0x00000043       0x44 CMakeFiles/rogilinkflex2_f446re.dir/Src/main.cpp.obj
 .comment       0x00000043       0x44 CMakeFiles/rogilinkflex2_f446re.dir/Lib/rogilinkflex2/Src/rogilinkflex2.cpp.obj

.debug_info     0x00000000     0xb082
 .debug_info    0x00000000      0x54a cmake/stm32cubemx/CMakeFiles/STM32_Drivers.dir/__/__/Core/Src/system_stm32f4xx.c.obj
 .debug_info    0x0000054a     0x2f4f cmake/stm32cubemx/CMakeFiles/STM32_Drivers.dir/__/__/Drivers/STM32F4xx_HAL_Driver/Src/stm32f4xx_hal_uart.c.obj
 .debug_info    0x00003499      0x8eb cmake/stm32cubemx/CMakeFiles/STM32_Drivers.dir/__/__/Drivers/STM32F4xx_HAL_Driver/Src/stm32f4xx_hal_rcc.c.obj
 .debug_info    0x00003d84      0x956 cmake/stm32cubemx/CMakeFiles/STM32_Drivers.dir/__/__/Drivers/STM32F4xx_HAL_Driver/Src/stm32f4xx_hal_rcc_ex.c.obj
 .debug_info    0x000046da      0x70b cmake/stm32cubemx/CMakeFiles/STM32_Drivers.dir/__/__/Drivers/STM32F4xx_HAL_Driver/Src/stm32f4xx_hal_gpio.c.obj
 .debug_info    0x00004de5      0x8e7 cmake/stm32cubemx/CMakeFiles/STM32_Drivers.dir/__/__/Drivers/STM32F4xx_HAL_Driver/Src/stm32f4xx_hal_dma.c.obj
 .debug_info    0x000056cc      0xdaa cmake/stm32cubemx/CMakeFiles/STM32_Drivers.dir/__/__/Drivers/STM32F4xx_HAL_Driver/Src/stm32f4xx_hal_cortex.c.obj
 .debug_info    0x00006476      0x99a cmake/stm32cubemx/CMakeFiles/STM32_Drivers.dir/__/__/Drivers/STM32F4xx_HAL_Driver/Src/stm32f4xx_hal.c.obj
 .debug_info    0x00006e10      0xbe1 CMakeFiles/rogilinkflex2_f446re.dir/Core/Src/main.c.obj
 .debug_info    0x000079f1      0x639 CMakeFiles/rogilinkflex2_f446re.dir/Core/Src/stm32f4xx_it.c.obj
 .debug_info    0x0000802a      0xbb7 CMakeFiles/rogilinkflex2_f446re.dir/Core/Src/stm32f4xx_hal_msp.c.obj
 .debug_info    0x00008be1      0x168 CMakeFiles/rogilinkflex2_f446re.dir/Core/Src/sysmem.c.obj
 .debug_info    0x00008d49       0x30 CMakeFiles/rogilinkflex2_f446re.dir/startup_stm32f446xx.s.obj
 .debug_info    0x00008d79      0x116 CMakeFiles/rogilinkflex2_f446re.dir/Src/main.cpp.obj
 .debug_info    0x00008e8f     0x21f3 CMakeFiles/rogilinkflex2_f446re.dir/Lib/rogilinkflex2/Src/rogilinkflex2.cpp.obj

.debug_abbrev   0x00000000     0x1d94
 .debug_abbrev  0x00000000      0x11a cmake/stm32cubemx/CMakeFiles/STM32_Drivers.dir/__/__/Core/Src/system_stm32f4xx.c.obj
 .debug_abbrev  0x0000011a      0x30e cmake/stm32cubemx/CMakeFiles/STM32_Drivers.dir/__/__/Drivers/STM32F4xx_HAL_Driver/Src/stm32f4xx_hal_uart.c.obj
 .debug_abbrev  0x00000428      0x2b7 cmake/stm32cubemx/CMakeFiles/STM32_Drivers.dir/__/__/Drivers/STM32F4xx_HAL_Driver/Src/stm32f4xx_hal_rcc.c.obj
 .debug_abbrev  0x000006df      0x20a cmake/stm32cubemx/CMakeFiles/STM32_Drivers.dir/__/__/Drivers/STM32F4xx_HAL_Driver/Src/stm32f4xx_hal_rcc_ex.c.obj
 .debug_abbrev  0x000008e9      0x1d4 cmake/stm32cubemx/CMakeFiles/STM32_Drivers.dir/__/__/Drivers/STM32F4xx_HAL_Driver/Src/stm32f4xx_hal_gpio.c.obj
 .debug_abbrev  0x00000abd      0x264 cmake/stm32cubemx/CMakeFiles/STM32_Drivers.dir/__/__/Drivers/STM32F4xx_HAL_Driver/Src/stm32f4xx_hal_dma.c.obj
 .debug_abbrev  0x00000d21      0x31d cmake/stm32cubemx/CMakeFiles/STM32_Drivers.dir/__/__/Drivers/STM32F4xx_HAL_Driver/Src/stm32f4xx_hal_cortex.c.obj
 .debug_abbrev  0x0000103e      0x214 cmake/stm32cubemx/CMakeFiles/STM32_Drivers.dir/__/__/Drivers/STM32F4xx_HAL_Driver/Src/stm32f4xx_hal.c.obj
 .debug_abbrev  0x00001252      0x261 CMakeFiles/rogilinkflex2_f446re.dir/Core/Src/main.c.obj
 .debug_abbrev  0x000014b3      0x175 CMakeFiles/rogilinkflex2_f446re.dir/Core/Src/stm32f4xx_it.c.obj
 .debug_abbrev  0x00001628      0x1cc CMakeFiles/rogilinkflex2_f446re.dir/Core/Src/stm32f4xx_hal_msp.c.obj
 .debug_abbrev  0x000017f4       0xbc CMakeFiles/rogilinkflex2_f446re.dir/Core/Src/sysmem.c.obj
 .debug_abbrev  0x000018b0       0x24 CMakeFiles/rogilinkflex2_f446re.dir/startup_stm32f446xx.s.obj
 .debug_abbrev  0x000018d4       0xa9 CMakeFiles/rogilinkflex2_f446re.dir/Src/main.cpp.obj
 .debug_abbrev  0x0000197d      0x417 CMakeFiles/rogilinkflex2_f446re.dir/Lib/rogilinkflex2/Src/rogilinkflex2.cpp.obj

.debug_aranges  0x00000000      0x8a8
 .debug_aranges
                0x00000000       0x28 cmake/stm32cubemx/CMakeFiles/STM32_Drivers.dir/__/__/Core/Src/system_stm32f4xx.c.obj
 .debug_aranges
                0x00000028      0x208 cmake/stm32cubemx/CMakeFiles/STM32_Drivers.dir/__/__/Drivers/STM32F4xx_HAL_Driver/Src/stm32f4xx_hal_uart.c.obj
 .debug_aranges
                0x00000230       0x88 cmake/stm32cubemx/CMakeFiles/STM32_Drivers.dir/__/__/Drivers/STM32F4xx_HAL_Driver/Src/stm32f4xx_hal_rcc.c.obj
 .debug_aranges
                0x000002b8       0x78 cmake/stm32cubemx/CMakeFiles/STM32_Drivers.dir/__/__/Drivers/STM32F4xx_HAL_Driver/Src/stm32f4xx_hal_rcc_ex.c.obj
 .debug_aranges
                0x00000330       0x58 cmake/stm32cubemx/CMakeFiles/STM32_Drivers.dir/__/__/Drivers/STM32F4xx_HAL_Driver/Src/stm32f4xx_hal_gpio.c.obj
 .debug_aranges
                0x00000388       0x90 cmake/stm32cubemx/CMakeFiles/STM32_Drivers.dir/__/__/Drivers/STM32F4xx_HAL_Driver/Src/stm32f4xx_hal_dma.c.obj
 .debug_aranges
                0x00000418      0x130 cmake/stm32cubemx/CMakeFiles/STM32_Drivers.dir/__/__/Drivers/STM32F4xx_HAL_Driver/Src/stm32f4xx_hal_cortex.c.obj
 .debug_aranges
                0x00000548       0xf0 cmake/stm32cubemx/CMakeFiles/STM32_Drivers.dir/__/__/Drivers/STM32F4xx_HAL_Driver/Src/stm32f4xx_hal.c.obj
 .debug_aranges
                0x00000638       0x40 CMakeFiles/rogilinkflex2_f446re.dir/Core/Src/main.c.obj
 .debug_aranges
                0x00000678       0x68 CMakeFiles/rogilinkflex2_f446re.dir/Core/Src/stm32f4xx_it.c.obj
 .debug_aranges
                0x000006e0       0x30 CMakeFiles/rogilinkflex2_f446re.dir/Core/Src/stm32f4xx_hal_msp.c.obj
 .debug_aranges
                0x00000710       0x20 CMakeFiles/rogilinkflex2_f446re.dir/Core/Src/sysmem.c.obj
 .debug_aranges
                0x00000730       0x28 CMakeFiles/rogilinkflex2_f446re.dir/startup_stm32f446xx.s.obj
 .debug_aranges
                0x00000758       0x30 CMakeFiles/rogilinkflex2_f446re.dir/Src/main.cpp.obj
 .debug_aranges
                0x00000788      0x120 CMakeFiles/rogilinkflex2_f446re.dir/Lib/rogilinkflex2/Src/rogilinkflex2.cpp.obj

.debug_rnglists
                0x00000000      0x6ae
 .debug_rnglists
                0x00000000       0x1a cmake/stm32cubemx/CMakeFiles/STM32_Drivers.dir/__/__/Core/Src/system_stm32f4xx.c.obj
 .debug_rnglists
                0x0000001a      0x1bc cmake/stm32cubemx/CMakeFiles/STM32_Drivers.dir/__/__/Drivers/STM32F4xx_HAL_Driver/Src/stm32f4xx_hal_uart.c.obj
 .debug_rnglists
                0x000001d6       0x66 cmake/stm32cubemx/CMakeFiles/STM32_Drivers.dir/__/__/Drivers/STM32F4xx_HAL_Driver/Src/stm32f4xx_hal_rcc.c.obj
 .debug_rnglists
                0x0000023c       0x5e cmake/stm32cubemx/CMakeFiles/STM32_Drivers.dir/__/__/Drivers/STM32F4xx_HAL_Driver/Src/stm32f4xx_hal_rcc_ex.c.obj
 .debug_rnglists
                0x0000029a       0x3f cmake/stm32cubemx/CMakeFiles/STM32_Drivers.dir/__/__/Drivers/STM32F4xx_HAL_Driver/Src/stm32f4xx_hal_gpio.c.obj
 .debug_rnglists
                0x000002d9       0x70 cmake/stm32cubemx/CMakeFiles/STM32_Drivers.dir/__/__/Drivers/STM32F4xx_HAL_Driver/Src/stm32f4xx_hal_dma.c.obj
 .debug_rnglists
                0x00000349       0xe0 cmake/stm32cubemx/CMakeFiles/STM32_Drivers.dir/__/__/Drivers/STM32F4xx_HAL_Driver/Src/stm32f4xx_hal_cortex.c.obj
 .debug_rnglists
                0x00000429       0xaf cmake/stm32cubemx/CMakeFiles/STM32_Drivers.dir/__/__/Drivers/STM32F4xx_HAL_Driver/Src/stm32f4xx_hal.c.obj
 .debug_rnglists
                0x000004d8       0x2d CMakeFiles/rogilinkflex2_f446re.dir/Core/Src/main.c.obj
 .debug_rnglists
                0x00000505       0x49 CMakeFiles/rogilinkflex2_f446re.dir/Core/Src/stm32f4xx_it.c.obj
 .debug_rnglists
                0x0000054e       0x20 CMakeFiles/rogilinkflex2_f446re.dir/Core/Src/stm32f4xx_hal_msp.c.obj
 .debug_rnglists
                0x0000056e       0x13 CMakeFiles/rogilinkflex2_f446re.dir/Core/Src/sysmem.c.obj
 .debug_rnglists
                0x00000581       0x19 CMakeFiles/rogilinkflex2_f446re.dir/startup_stm32f446xx.s.obj
 .debug_rnglists
                0x0000059a       0x1f CMakeFiles/rogilinkflex2_f446re.dir/Src/main.cpp.obj
 .debug_rnglists
                0x000005b9       0xf5 CMakeFiles/rogilinkflex2_f446re.dir/Lib/rogilinkflex2/Src/rogilinkflex2.cpp.obj

.debug_macro    0x00000000    0x253f9
 .debug_macro   0x00000000      0x1f1 cmake/stm32cubemx/CMakeFiles/STM32_Drivers.dir/__/__/Core/Src/system_stm32f4xx.c.obj
 .debug_macro   0x000001f1      0xad8 cmake/stm32cubemx/CMakeFiles/STM32_Drivers.dir/__/__/Core/Src/system_stm32f4xx.c.obj
 .debug_macro   0x00000cc9       0x2e cmake/stm32cubemx/CMakeFiles/STM32_Drivers.dir/__/__/Core/Src/system_stm32f4xx.c.obj
 .debug_macro   0x00000cf7       0x28 cmake/stm32cubemx/CMakeFiles/STM32_Drivers.dir/__/__/Core/Src/system_stm32f4xx.c.obj
 .debug_macro   0x00000d1f       0x22 cmake/stm32cubemx/CMakeFiles/STM32_Drivers.dir/__/__/Core/Src/system_stm32f4xx.c.obj
 .debug_macro   0x00000d41       0x8e cmake/stm32cubemx/CMakeFiles/STM32_Drivers.dir/__/__/Core/Src/system_stm32f4xx.c.obj
 .debug_macro   0x00000dcf       0x51 cmake/stm32cubemx/CMakeFiles/STM32_Drivers.dir/__/__/Core/Src/system_stm32f4xx.c.obj
 .debug_macro   0x00000e20      0x103 cmake/stm32cubemx/CMakeFiles/STM32_Drivers.dir/__/__/Core/Src/system_stm32f4xx.c.obj
 .debug_macro   0x00000f23       0x6a cmake/stm32cubemx/CMakeFiles/STM32_Drivers.dir/__/__/Core/Src/system_stm32f4xx.c.obj
 .debug_macro   0x00000f8d      0x1df cmake/stm32cubemx/CMakeFiles/STM32_Drivers.dir/__/__/Core/Src/system_stm32f4xx.c.obj
 .debug_macro   0x0000116c       0x1c cmake/stm32cubemx/CMakeFiles/STM32_Drivers.dir/__/__/Core/Src/system_stm32f4xx.c.obj
 .debug_macro   0x00001188       0x22 cmake/stm32cubemx/CMakeFiles/STM32_Drivers.dir/__/__/Core/Src/system_stm32f4xx.c.obj
 .debug_macro   0x000011aa       0xfb cmake/stm32cubemx/CMakeFiles/STM32_Drivers.dir/__/__/Core/Src/system_stm32f4xx.c.obj
 .debug_macro   0x000012a5     0x1011 cmake/stm32cubemx/CMakeFiles/STM32_Drivers.dir/__/__/Core/Src/system_stm32f4xx.c.obj
 .debug_macro   0x000022b6      0x11f cmake/stm32cubemx/CMakeFiles/STM32_Drivers.dir/__/__/Core/Src/system_stm32f4xx.c.obj
 .debug_macro   0x000023d5    0x16749 cmake/stm32cubemx/CMakeFiles/STM32_Drivers.dir/__/__/Core/Src/system_stm32f4xx.c.obj
 .debug_macro   0x00018b1e       0x6d cmake/stm32cubemx/CMakeFiles/STM32_Drivers.dir/__/__/Core/Src/system_stm32f4xx.c.obj
 .debug_macro   0x00018b8b      0x2a7 cmake/stm32cubemx/CMakeFiles/STM32_Drivers.dir/__/__/Core/Src/system_stm32f4xx.c.obj
 .debug_macro   0x00018e32     0x369a cmake/stm32cubemx/CMakeFiles/STM32_Drivers.dir/__/__/Core/Src/system_stm32f4xx.c.obj
 .debug_macro   0x0001c4cc      0x190 cmake/stm32cubemx/CMakeFiles/STM32_Drivers.dir/__/__/Core/Src/system_stm32f4xx.c.obj
 .debug_macro   0x0001c65c       0x5c cmake/stm32cubemx/CMakeFiles/STM32_Drivers.dir/__/__/Core/Src/system_stm32f4xx.c.obj
 .debug_macro   0x0001c6b8      0xca5 cmake/stm32cubemx/CMakeFiles/STM32_Drivers.dir/__/__/Core/Src/system_stm32f4xx.c.obj
 .debug_macro   0x0001d35d      0x9e9 cmake/stm32cubemx/CMakeFiles/STM32_Drivers.dir/__/__/Core/Src/system_stm32f4xx.c.obj
 .debug_macro   0x0001dd46      0x115 cmake/stm32cubemx/CMakeFiles/STM32_Drivers.dir/__/__/Core/Src/system_stm32f4xx.c.obj
 .debug_macro   0x0001de5b      0x1a0 cmake/stm32cubemx/CMakeFiles/STM32_Drivers.dir/__/__/Core/Src/system_stm32f4xx.c.obj
 .debug_macro   0x0001dffb       0xa5 cmake/stm32cubemx/CMakeFiles/STM32_Drivers.dir/__/__/Core/Src/system_stm32f4xx.c.obj
 .debug_macro   0x0001e0a0      0x16d cmake/stm32cubemx/CMakeFiles/STM32_Drivers.dir/__/__/Core/Src/system_stm32f4xx.c.obj
 .debug_macro   0x0001e20d      0x287 cmake/stm32cubemx/CMakeFiles/STM32_Drivers.dir/__/__/Core/Src/system_stm32f4xx.c.obj
 .debug_macro   0x0001e494       0x5f cmake/stm32cubemx/CMakeFiles/STM32_Drivers.dir/__/__/Core/Src/system_stm32f4xx.c.obj
 .debug_macro   0x0001e4f3      0x236 cmake/stm32cubemx/CMakeFiles/STM32_Drivers.dir/__/__/Core/Src/system_stm32f4xx.c.obj
 .debug_macro   0x0001e729      0x40f cmake/stm32cubemx/CMakeFiles/STM32_Drivers.dir/__/__/Core/Src/system_stm32f4xx.c.obj
 .debug_macro   0x0001eb38      0x132 cmake/stm32cubemx/CMakeFiles/STM32_Drivers.dir/__/__/Core/Src/system_stm32f4xx.c.obj
 .debug_macro   0x0001ec6a      0x29c cmake/stm32cubemx/CMakeFiles/STM32_Drivers.dir/__/__/Core/Src/system_stm32f4xx.c.obj
 .debug_macro   0x0001ef06       0x2e cmake/stm32cubemx/CMakeFiles/STM32_Drivers.dir/__/__/Core/Src/system_stm32f4xx.c.obj
 .debug_macro   0x0001ef34      0x1b5 cmake/stm32cubemx/CMakeFiles/STM32_Drivers.dir/__/__/Core/Src/system_stm32f4xx.c.obj
 .debug_macro   0x0001f0e9       0x22 cmake/stm32cubemx/CMakeFiles/STM32_Drivers.dir/__/__/Core/Src/system_stm32f4xx.c.obj
 .debug_macro   0x0001f10b       0xd6 cmake/stm32cubemx/CMakeFiles/STM32_Drivers.dir/__/__/Core/Src/system_stm32f4xx.c.obj
 .debug_macro   0x0001f1e1      0x127 cmake/stm32cubemx/CMakeFiles/STM32_Drivers.dir/__/__/Core/Src/system_stm32f4xx.c.obj
 .debug_macro   0x0001f308       0xe8 cmake/stm32cubemx/CMakeFiles/STM32_Drivers.dir/__/__/Core/Src/system_stm32f4xx.c.obj
 .debug_macro   0x0001f3f0       0x89 cmake/stm32cubemx/CMakeFiles/STM32_Drivers.dir/__/__/Core/Src/system_stm32f4xx.c.obj
 .debug_macro   0x0001f479      0x8ed cmake/stm32cubemx/CMakeFiles/STM32_Drivers.dir/__/__/Core/Src/system_stm32f4xx.c.obj
 .debug_macro   0x0001fd66       0x53 cmake/stm32cubemx/CMakeFiles/STM32_Drivers.dir/__/__/Core/Src/system_stm32f4xx.c.obj
 .debug_macro   0x0001fdb9      0x2aa cmake/stm32cubemx/CMakeFiles/STM32_Drivers.dir/__/__/Core/Src/system_stm32f4xx.c.obj
 .debug_macro   0x00020063      0x126 cmake/stm32cubemx/CMakeFiles/STM32_Drivers.dir/__/__/Core/Src/system_stm32f4xx.c.obj
 .debug_macro   0x00020189      0x1f2 cmake/stm32cubemx/CMakeFiles/STM32_Drivers.dir/__/__/Drivers/STM32F4xx_HAL_Driver/Src/stm32f4xx_hal_uart.c.obj
 .debug_macro   0x0002037b      0x215 cmake/stm32cubemx/CMakeFiles/STM32_Drivers.dir/__/__/Drivers/STM32F4xx_HAL_Driver/Src/stm32f4xx_hal_rcc.c.obj
 .debug_macro   0x00020590      0x1f1 cmake/stm32cubemx/CMakeFiles/STM32_Drivers.dir/__/__/Drivers/STM32F4xx_HAL_Driver/Src/stm32f4xx_hal_rcc_ex.c.obj
 .debug_macro   0x00020781      0x1f7 cmake/stm32cubemx/CMakeFiles/STM32_Drivers.dir/__/__/Drivers/STM32F4xx_HAL_Driver/Src/stm32f4xx_hal_gpio.c.obj
 .debug_macro   0x00020978      0x1f7 cmake/stm32cubemx/CMakeFiles/STM32_Drivers.dir/__/__/Drivers/STM32F4xx_HAL_Driver/Src/stm32f4xx_hal_dma.c.obj
 .debug_macro   0x00020b6f      0x1f1 cmake/stm32cubemx/CMakeFiles/STM32_Drivers.dir/__/__/Drivers/STM32F4xx_HAL_Driver/Src/stm32f4xx_hal_cortex.c.obj
 .debug_macro   0x00020d60      0x251 cmake/stm32cubemx/CMakeFiles/STM32_Drivers.dir/__/__/Drivers/STM32F4xx_HAL_Driver/Src/stm32f4xx_hal.c.obj
 .debug_macro   0x00020fb1      0x208 CMakeFiles/rogilinkflex2_f446re.dir/Core/Src/main.c.obj
 .debug_macro   0x000211b9       0x58 CMakeFiles/rogilinkflex2_f446re.dir/Core/Src/main.c.obj
 .debug_macro   0x00021211      0x20a CMakeFiles/rogilinkflex2_f446re.dir/Core/Src/stm32f4xx_it.c.obj
 .debug_macro   0x0002141b      0x200 CMakeFiles/rogilinkflex2_f446re.dir/Core/Src/stm32f4xx_hal_msp.c.obj
 .debug_macro   0x0002161b       0xff CMakeFiles/rogilinkflex2_f446re.dir/Core/Src/sysmem.c.obj
 .debug_macro   0x0002171a       0x10 CMakeFiles/rogilinkflex2_f446re.dir/Core/Src/sysmem.c.obj
 .debug_macro   0x0002172a       0x6e CMakeFiles/rogilinkflex2_f446re.dir/Core/Src/sysmem.c.obj
 .debug_macro   0x00021798       0x2a CMakeFiles/rogilinkflex2_f446re.dir/Core/Src/sysmem.c.obj
 .debug_macro   0x000217c2       0x94 CMakeFiles/rogilinkflex2_f446re.dir/Core/Src/sysmem.c.obj
 .debug_macro   0x00021856       0x3c CMakeFiles/rogilinkflex2_f446re.dir/Core/Src/sysmem.c.obj
 .debug_macro   0x00021892       0x34 CMakeFiles/rogilinkflex2_f446re.dir/Core/Src/sysmem.c.obj
 .debug_macro   0x000218c6       0x57 CMakeFiles/rogilinkflex2_f446re.dir/Core/Src/sysmem.c.obj
 .debug_macro   0x0002191d      0x370 CMakeFiles/rogilinkflex2_f446re.dir/Core/Src/sysmem.c.obj
 .debug_macro   0x00021c8d       0x16 CMakeFiles/rogilinkflex2_f446re.dir/Core/Src/sysmem.c.obj
 .debug_macro   0x00021ca3       0x4a CMakeFiles/rogilinkflex2_f446re.dir/Core/Src/sysmem.c.obj
 .debug_macro   0x00021ced       0x34 CMakeFiles/rogilinkflex2_f446re.dir/Core/Src/sysmem.c.obj
 .debug_macro   0x00021d21       0x10 CMakeFiles/rogilinkflex2_f446re.dir/Core/Src/sysmem.c.obj
 .debug_macro   0x00021d31       0x58 CMakeFiles/rogilinkflex2_f446re.dir/Core/Src/sysmem.c.obj
 .debug_macro   0x00021d89      0x1e5 CMakeFiles/rogilinkflex2_f446re.dir/Core/Src/sysmem.c.obj
 .debug_macro   0x00021f6e      0x23c CMakeFiles/rogilinkflex2_f446re.dir/Core/Src/sysmem.c.obj
 .debug_macro   0x000221aa      0x21d CMakeFiles/rogilinkflex2_f446re.dir/Src/main.cpp.obj
 .debug_macro   0x000223c7      0xc16 CMakeFiles/rogilinkflex2_f446re.dir/Src/main.cpp.obj
 .debug_macro   0x00022fdd       0x1c CMakeFiles/rogilinkflex2_f446re.dir/Src/main.cpp.obj
 .debug_macro   0x00022ff9     0x1011 CMakeFiles/rogilinkflex2_f446re.dir/Src/main.cpp.obj
 .debug_macro   0x0002400a      0x197 CMakeFiles/rogilinkflex2_f446re.dir/Src/main.cpp.obj
 .debug_macro   0x000241a1       0x16 CMakeFiles/rogilinkflex2_f446re.dir/Src/main.cpp.obj
 .debug_macro   0x000241b7       0x10 CMakeFiles/rogilinkflex2_f446re.dir/Src/main.cpp.obj
 .debug_macro   0x000241c7       0x1c CMakeFiles/rogilinkflex2_f446re.dir/Src/main.cpp.obj
 .debug_macro   0x000241e3      0x399 CMakeFiles/rogilinkflex2_f446re.dir/Lib/rogilinkflex2/Src/rogilinkflex2.cpp.obj
 .debug_macro   0x0002457c       0x74 CMakeFiles/rogilinkflex2_f446re.dir/Lib/rogilinkflex2/Src/rogilinkflex2.cpp.obj
 .debug_macro   0x000245f0       0x34 CMakeFiles/rogilinkflex2_f446re.dir/Lib/rogilinkflex2/Src/rogilinkflex2.cpp.obj
 .debug_macro   0x00024624      0x38c CMakeFiles/rogilinkflex2_f446re.dir/Lib/rogilinkflex2/Src/rogilinkflex2.cpp.obj
 .debug_macro   0x000249b0       0x4a CMakeFiles/rogilinkflex2_f446re.dir/Lib/rogilinkflex2/Src/rogilinkflex2.cpp.obj
 .debug_macro   0x000249fa       0x10 CMakeFiles/rogilinkflex2_f446re.dir/Lib/rogilinkflex2/Src/rogilinkflex2.cpp.obj
 .debug_macro   0x00024a0a       0x3c CMakeFiles/rogilinkflex2_f446re.dir/Lib/rogilinkflex2/Src/rogilinkflex2.cpp.obj
 .debug_macro   0x00024a46       0x20 CMakeFiles/rogilinkflex2_f446re.dir/Lib/rogilinkflex2/Src/rogilinkflex2.cpp.obj
 .debug_macro   0x00024a66       0x1c CMakeFiles/rogilinkflex2_f446re.dir/Lib/rogilinkflex2/Src/rogilinkflex2.cpp.obj
 .debug_macro   0x00024a82      0x138 CMakeFiles/rogilinkflex2_f446re.dir/Lib/rogilinkflex2/Src/rogilinkflex2.cpp.obj
 .debug_macro   0x00024bba      0x1f2 CMakeFiles/rogilinkflex2_f446re.dir/Lib/rogilinkflex2/Src/rogilinkflex2.cpp.obj
 .debug_macro   0x00024dac       0x10 CMakeFiles/rogilinkflex2_f446re.dir/Lib/rogilinkflex2/Src/rogilinkflex2.cpp.obj
 .debug_macro   0x00024dbc       0xc8 CMakeFiles/rogilinkflex2_f446re.dir/Lib/rogilinkflex2/Src/rogilinkflex2.cpp.obj
 .debug_macro   0x00024e84      0x103 CMakeFiles/rogilinkflex2_f446re.dir/Lib/rogilinkflex2/Src/rogilinkflex2.cpp.obj
 .debug_macro   0x00024f87      0x368 CMakeFiles/rogilinkflex2_f446re.dir/Lib/rogilinkflex2/Src/rogilinkflex2.cpp.obj
 .debug_macro   0x000252ef       0x10 CMakeFiles/rogilinkflex2_f446re.dir/Lib/rogilinkflex2/Src/rogilinkflex2.cpp.obj
 .debug_macro   0x000252ff       0x1c CMakeFiles/rogilinkflex2_f446re.dir/Lib/rogilinkflex2/Src/rogilinkflex2.cpp.obj
 .debug_macro   0x0002531b       0xde CMakeFiles/rogilinkflex2_f446re.dir/Lib/rogilinkflex2/Src/rogilinkflex2.cpp.obj

.debug_line     0x00000000     0xb39e
 .debug_line    0x00000000      0x710 cmake/stm32cubemx/CMakeFiles/STM32_Drivers.dir/__/__/Core/Src/system_stm32f4xx.c.obj
 .debug_line    0x00000710     0x248c cmake/stm32cubemx/CMakeFiles/STM32_Drivers.dir/__/__/Drivers/STM32F4xx_HAL_Driver/Src/stm32f4xx_hal_uart.c.obj
 .debug_line    0x00002b9c      0xd98 cmake/stm32cubemx/CMakeFiles/STM32_Drivers.dir/__/__/Drivers/STM32F4xx_HAL_Driver/Src/stm32f4xx_hal_rcc.c.obj
 .debug_line    0x00003934     0x1449 cmake/stm32cubemx/CMakeFiles/STM32_Drivers.dir/__/__/Drivers/STM32F4xx_HAL_Driver/Src/stm32f4xx_hal_rcc_ex.c.obj
 .debug_line    0x00004d7d      0xac1 cmake/stm32cubemx/CMakeFiles/STM32_Drivers.dir/__/__/Drivers/STM32F4xx_HAL_Driver/Src/stm32f4xx_hal_gpio.c.obj
 .debug_line    0x0000583e      0xee9 cmake/stm32cubemx/CMakeFiles/STM32_Drivers.dir/__/__/Drivers/STM32F4xx_HAL_Driver/Src/stm32f4xx_hal_dma.c.obj
 .debug_line    0x00006727      0xc4d cmake/stm32cubemx/CMakeFiles/STM32_Drivers.dir/__/__/Drivers/STM32F4xx_HAL_Driver/Src/stm32f4xx_hal_cortex.c.obj
 .debug_line    0x00007374      0x97d cmake/stm32cubemx/CMakeFiles/STM32_Drivers.dir/__/__/Drivers/STM32F4xx_HAL_Driver/Src/stm32f4xx_hal.c.obj
 .debug_line    0x00007cf1      0x785 CMakeFiles/rogilinkflex2_f446re.dir/Core/Src/main.c.obj
 .debug_line    0x00008476      0x752 CMakeFiles/rogilinkflex2_f446re.dir/Core/Src/stm32f4xx_it.c.obj
 .debug_line    0x00008bc8      0x6dd CMakeFiles/rogilinkflex2_f446re.dir/Core/Src/stm32f4xx_hal_msp.c.obj
 .debug_line    0x000092a5      0x2cd CMakeFiles/rogilinkflex2_f446re.dir/Core/Src/sysmem.c.obj
 .debug_line    0x00009572       0x7a CMakeFiles/rogilinkflex2_f446re.dir/startup_stm32f446xx.s.obj
 .debug_line    0x000095ec      0x724 CMakeFiles/rogilinkflex2_f446re.dir/Src/main.cpp.obj
 .debug_line    0x00009d10     0x168e CMakeFiles/rogilinkflex2_f446re.dir/Lib/rogilinkflex2/Src/rogilinkflex2.cpp.obj

.debug_str      0x00000000    0xd6c19
 .debug_str     0x00000000    0xd6c19 cmake/stm32cubemx/CMakeFiles/STM32_Drivers.dir/__/__/Core/Src/system_stm32f4xx.c.obj
                              0xcd3c2 (size before relaxing)
 .debug_str     0x000d6c19    0xcddb2 cmake/stm32cubemx/CMakeFiles/STM32_Drivers.dir/__/__/Drivers/STM32F4xx_HAL_Driver/Src/stm32f4xx_hal_uart.c.obj
 .debug_str     0x000d6c19    0xcd7fb cmake/stm32cubemx/CMakeFiles/STM32_Drivers.dir/__/__/Drivers/STM32F4xx_HAL_Driver/Src/stm32f4xx_hal_rcc.c.obj
 .debug_str     0x000d6c19    0xcd82e cmake/stm32cubemx/CMakeFiles/STM32_Drivers.dir/__/__/Drivers/STM32F4xx_HAL_Driver/Src/stm32f4xx_hal_rcc_ex.c.obj
 .debug_str     0x000d6c19    0xcd53d cmake/stm32cubemx/CMakeFiles/STM32_Drivers.dir/__/__/Drivers/STM32F4xx_HAL_Driver/Src/stm32f4xx_hal_gpio.c.obj
 .debug_str     0x000d6c19    0xcd7b7 cmake/stm32cubemx/CMakeFiles/STM32_Drivers.dir/__/__/Drivers/STM32F4xx_HAL_Driver/Src/stm32f4xx_hal_dma.c.obj
 .debug_str     0x000d6c19    0xcdcde cmake/stm32cubemx/CMakeFiles/STM32_Drivers.dir/__/__/Drivers/STM32F4xx_HAL_Driver/Src/stm32f4xx_hal_cortex.c.obj
 .debug_str     0x000d6c19    0xcdf87 cmake/stm32cubemx/CMakeFiles/STM32_Drivers.dir/__/__/Drivers/STM32F4xx_HAL_Driver/Src/stm32f4xx_hal.c.obj
 .debug_str     0x000d6c19    0xcdb3b CMakeFiles/rogilinkflex2_f446re.dir/Core/Src/main.c.obj
 .debug_str     0x000d6c19    0xcd849 CMakeFiles/rogilinkflex2_f446re.dir/Core/Src/stm32f4xx_it.c.obj
 .debug_str     0x000d6c19    0xcdee9 CMakeFiles/rogilinkflex2_f446re.dir/Core/Src/stm32f4xx_hal_msp.c.obj
 .debug_str     0x000d6c19     0x714c CMakeFiles/rogilinkflex2_f446re.dir/Core/Src/sysmem.c.obj
 .debug_str     0x000d6c19       0x98 CMakeFiles/rogilinkflex2_f446re.dir/startup_stm32f446xx.s.obj
 .debug_str     0x000d6c19    0xcd9a6 CMakeFiles/rogilinkflex2_f446re.dir/Src/main.cpp.obj
 .debug_str     0x000d6c19    0xd4249 CMakeFiles/rogilinkflex2_f446re.dir/Lib/rogilinkflex2/Src/rogilinkflex2.cpp.obj

.debug_frame    0x00000000     0x2858
 .debug_frame   0x00000000       0x58 cmake/stm32cubemx/CMakeFiles/STM32_Drivers.dir/__/__/Core/Src/system_stm32f4xx.c.obj
 .debug_frame   0x00000058      0x954 cmake/stm32cubemx/CMakeFiles/STM32_Drivers.dir/__/__/Drivers/STM32F4xx_HAL_Driver/Src/stm32f4xx_hal_uart.c.obj
 .debug_frame   0x000009ac      0x1f4 cmake/stm32cubemx/CMakeFiles/STM32_Drivers.dir/__/__/Drivers/STM32F4xx_HAL_Driver/Src/stm32f4xx_hal_rcc.c.obj
 .debug_frame   0x00000ba0      0x1e8 cmake/stm32cubemx/CMakeFiles/STM32_Drivers.dir/__/__/Drivers/STM32F4xx_HAL_Driver/Src/stm32f4xx_hal_rcc_ex.c.obj
 .debug_frame   0x00000d88      0x14c cmake/stm32cubemx/CMakeFiles/STM32_Drivers.dir/__/__/Drivers/STM32F4xx_HAL_Driver/Src/stm32f4xx_hal_gpio.c.obj
 .debug_frame   0x00000ed4      0x250 cmake/stm32cubemx/CMakeFiles/STM32_Drivers.dir/__/__/Drivers/STM32F4xx_HAL_Driver/Src/stm32f4xx_hal_dma.c.obj
 .debug_frame   0x00001124      0x508 cmake/stm32cubemx/CMakeFiles/STM32_Drivers.dir/__/__/Drivers/STM32F4xx_HAL_Driver/Src/stm32f4xx_hal_cortex.c.obj
 .debug_frame   0x0000162c      0x374 cmake/stm32cubemx/CMakeFiles/STM32_Drivers.dir/__/__/Drivers/STM32F4xx_HAL_Driver/Src/stm32f4xx_hal.c.obj
 .debug_frame   0x000019a0       0xa8 CMakeFiles/rogilinkflex2_f446re.dir/Core/Src/main.c.obj
 .debug_frame   0x00001a48      0x120 CMakeFiles/rogilinkflex2_f446re.dir/Core/Src/stm32f4xx_it.c.obj
 .debug_frame   0x00001b68       0x7c CMakeFiles/rogilinkflex2_f446re.dir/Core/Src/stm32f4xx_hal_msp.c.obj
 .debug_frame   0x00001be4       0x34 CMakeFiles/rogilinkflex2_f446re.dir/Core/Src/sysmem.c.obj
 .debug_frame   0x00001c18       0x70 CMakeFiles/rogilinkflex2_f446re.dir/Src/main.cpp.obj
 .debug_frame   0x00001c88      0x4e8 CMakeFiles/rogilinkflex2_f446re.dir/Lib/rogilinkflex2/Src/rogilinkflex2.cpp.obj
 .debug_frame   0x00002170      0x144 /opt/st/stm32cubeclt_1.18.0/GNU-tools-for-STM32/bin/../lib/gcc/arm-none-eabi/13.3.1/../../../../arm-none-eabi/lib/thumb/v7e-m+fp/hard/libc_nano.a(libc_a-findfp.o)
 .debug_frame   0x000022b4       0x7c /opt/st/stm32cubeclt_1.18.0/GNU-tools-for-STM32/bin/../lib/gcc/arm-none-eabi/13.3.1/../../../../arm-none-eabi/lib/thumb/v7e-m+fp/hard/libc_nano.a(libc_a-snprintf.o)
 .debug_frame   0x00002330       0x20 /opt/st/stm32cubeclt_1.18.0/GNU-tools-for-STM32/bin/../lib/gcc/arm-none-eabi/13.3.1/../../../../arm-none-eabi/lib/thumb/v7e-m+fp/hard/libc_nano.a(libc_a-memset.o)
 .debug_frame   0x00002350       0x28 /opt/st/stm32cubeclt_1.18.0/GNU-tools-for-STM32/bin/../lib/gcc/arm-none-eabi/13.3.1/../../../../arm-none-eabi/lib/thumb/v7e-m+fp/hard/libc_nano.a(libc_a-strncpy.o)
 .debug_frame   0x00002378       0x38 /opt/st/stm32cubeclt_1.18.0/GNU-tools-for-STM32/bin/../lib/gcc/arm-none-eabi/13.3.1/../../../../arm-none-eabi/lib/thumb/v7e-m+fp/hard/libc_nano.a(libc_a-reent.o)
 .debug_frame   0x000023b0       0x20 /opt/st/stm32cubeclt_1.18.0/GNU-tools-for-STM32/bin/../lib/gcc/arm-none-eabi/13.3.1/../../../../arm-none-eabi/lib/thumb/v7e-m+fp/hard/libc_nano.a(libc_a-errno.o)
 .debug_frame   0x000023d0       0x2c /opt/st/stm32cubeclt_1.18.0/GNU-tools-for-STM32/bin/../lib/gcc/arm-none-eabi/13.3.1/../../../../arm-none-eabi/lib/thumb/v7e-m+fp/hard/libc_nano.a(libc_a-init.o)
 .debug_frame   0x000023fc       0xb0 /opt/st/stm32cubeclt_1.18.0/GNU-tools-for-STM32/bin/../lib/gcc/arm-none-eabi/13.3.1/../../../../arm-none-eabi/lib/thumb/v7e-m+fp/hard/libc_nano.a(libc_a-lock.o)
 .debug_frame   0x000024ac       0x20 /opt/st/stm32cubeclt_1.18.0/GNU-tools-for-STM32/bin/../lib/gcc/arm-none-eabi/13.3.1/../../../../arm-none-eabi/lib/thumb/v7e-m+fp/hard/libc_nano.a(libc_a-strcmp.o)
 .debug_frame   0x000024cc       0x38 /opt/st/stm32cubeclt_1.18.0/GNU-tools-for-STM32/bin/../lib/gcc/arm-none-eabi/13.3.1/../../../../arm-none-eabi/lib/thumb/v7e-m+fp/hard/libc_nano.a(libc_a-freer.o)
 .debug_frame   0x00002504       0x50 /opt/st/stm32cubeclt_1.18.0/GNU-tools-for-STM32/bin/../lib/gcc/arm-none-eabi/13.3.1/../../../../arm-none-eabi/lib/thumb/v7e-m+fp/hard/libc_nano.a(libc_a-mallocr.o)
 .debug_frame   0x00002554       0x30 /opt/st/stm32cubeclt_1.18.0/GNU-tools-for-STM32/bin/../lib/gcc/arm-none-eabi/13.3.1/../../../../arm-none-eabi/lib/thumb/v7e-m+fp/hard/libc_nano.a(libc_a-mlock.o)
 .debug_frame   0x00002584       0x90 /opt/st/stm32cubeclt_1.18.0/GNU-tools-for-STM32/bin/../lib/gcc/arm-none-eabi/13.3.1/../../../../arm-none-eabi/lib/thumb/v7e-m+fp/hard/libc_nano.a(libc_a-nano-svfprintf.o)
 .debug_frame   0x00002614       0x60 /opt/st/stm32cubeclt_1.18.0/GNU-tools-for-STM32/bin/../lib/gcc/arm-none-eabi/13.3.1/../../../../arm-none-eabi/lib/thumb/v7e-m+fp/hard/libc_nano.a(libc_a-nano-vfprintf_i.o)
 .debug_frame   0x00002674       0x28 /opt/st/stm32cubeclt_1.18.0/GNU-tools-for-STM32/bin/../lib/gcc/arm-none-eabi/13.3.1/../../../../arm-none-eabi/lib/thumb/v7e-m+fp/hard/libc_nano.a(libc_a-memmove.o)
 .debug_frame   0x0000269c       0x2c /opt/st/stm32cubeclt_1.18.0/GNU-tools-for-STM32/bin/../lib/gcc/arm-none-eabi/13.3.1/../../../../arm-none-eabi/lib/thumb/v7e-m+fp/hard/libc_nano.a(libc_a-sbrkr.o)
 .debug_frame   0x000026c8       0x28 /opt/st/stm32cubeclt_1.18.0/GNU-tools-for-STM32/bin/../lib/gcc/arm-none-eabi/13.3.1/../../../../arm-none-eabi/lib/thumb/v7e-m+fp/hard/libc_nano.a(libc_a-memcpy-stub.o)
 .debug_frame   0x000026f0       0x3c /opt/st/stm32cubeclt_1.18.0/GNU-tools-for-STM32/bin/../lib/gcc/arm-none-eabi/13.3.1/../../../../arm-none-eabi/lib/thumb/v7e-m+fp/hard/libc_nano.a(libc_a-reallocr.o)
 .debug_frame   0x0000272c       0x20 /opt/st/stm32cubeclt_1.18.0/GNU-tools-for-STM32/bin/../lib/gcc/arm-none-eabi/13.3.1/../../../../arm-none-eabi/lib/thumb/v7e-m+fp/hard/libc_nano.a(libc_a-msizer.o)
 .debug_frame   0x0000274c       0xac /opt/st/stm32cubeclt_1.18.0/GNU-tools-for-STM32/bin/../lib/gcc/arm-none-eabi/13.3.1/thumb/v7e-m+fp/hard/libgcc.a(_arm_addsubdf3.o)
 .debug_frame   0x000027f8       0x2c /opt/st/stm32cubeclt_1.18.0/GNU-tools-for-STM32/bin/../lib/gcc/arm-none-eabi/13.3.1/thumb/v7e-m+fp/hard/libgcc.a(_aeabi_uldivmod.o)
 .debug_frame   0x00002824       0x34 /opt/st/stm32cubeclt_1.18.0/GNU-tools-for-STM32/bin/../lib/gcc/arm-none-eabi/13.3.1/thumb/v7e-m+fp/hard/libgcc.a(_udivmoddi4.o)

.debug_line_str
                0x00000000       0x49
 .debug_line_str
                0x00000000       0x49 CMakeFiles/rogilinkflex2_f446re.dir/startup_stm32f446xx.s.obj
                                 0x7c (size before relaxing)
